May  6 23:29:37 raspberrypi kernel: imklog 5.8.11, log source = /proc/kmsg started.
May  6 23:29:37 raspberrypi rsyslogd: [origin software="rsyslogd" swVersion="5.8.11" x-pid="2195" x-info="http://www.rsyslog.com"] start
May  6 23:29:37 raspberrypi kernel: [    0.000000] Booting Linux on physical CPU 0xf00
May  6 23:29:37 raspberrypi kernel: [    0.000000] Initializing cgroup subsys cpu
May  6 23:29:37 raspberrypi kernel: [    0.000000] Initializing cgroup subsys cpuacct
May  6 23:29:37 raspberrypi kernel: [    0.000000] Linux version 3.18.11-v7+ (dc4@dc4-XPS13-9333) (gcc version 4.8.3 20140303 (prerelease) (crosstool-NG linaro-1.13.1+bzr2650 - Linaro GCC 2014.03) ) #781 SMP PREEMPT Tue Apr 21 18:07:59 BST 2015
May  6 23:29:37 raspberrypi kernel: [    0.000000] CPU: ARMv7 Processor [410fc075] revision 5 (ARMv7), cr=10c5387d
May  6 23:29:37 raspberrypi kernel: [    0.000000] CPU: PIPT / VIPT nonaliasing data cache, VIPT aliasing instruction cache
May  6 23:29:37 raspberrypi kernel: [    0.000000] Machine model: Raspberry Pi 2 Model B
May  6 23:29:37 raspberrypi kernel: [    0.000000] cma: Reserved 8 MiB at 0x3a800000
May  6 23:29:37 raspberrypi kernel: [    0.000000] Memory policy: Data cache writealloc
May  6 23:29:37 raspberrypi kernel: [    0.000000] On node 0 totalpages: 241664
May  6 23:29:37 raspberrypi kernel: [    0.000000] free_area_init_node: node 0, pgdat 8080f480, node_mem_map ba093000
May  6 23:29:37 raspberrypi kernel: [    0.000000]   Normal zone: 1888 pages used for memmap
May  6 23:29:37 raspberrypi kernel: [    0.000000]   Normal zone: 0 pages reserved
May  6 23:29:37 raspberrypi kernel: [    0.000000]   Normal zone: 241664 pages, LIFO batch:31
May  6 23:29:37 raspberrypi kernel: [    0.000000] [bcm2709_smp_init_cpus] enter (8620->f3003010)
May  6 23:29:37 raspberrypi kernel: [    0.000000] [bcm2709_smp_init_cpus] ncores=4
May  6 23:29:37 raspberrypi kernel: [    0.000000] PERCPU: Embedded 10 pages/cpu @ba061000 s11456 r8192 d21312 u40960
May  6 23:29:37 raspberrypi kernel: [    0.000000] pcpu-alloc: s11456 r8192 d21312 u40960 alloc=10*4096
May  6 23:29:37 raspberrypi kernel: [    0.000000] pcpu-alloc: [0] 0 [0] 1 [0] 2 [0] 3 
May  6 23:29:37 raspberrypi kernel: [    0.000000] Built 1 zonelists in Zone order, mobility grouping on.  Total pages: 239776
May  6 23:29:37 raspberrypi kernel: [    0.000000] Kernel command line: dma.dmachans=0x7f35 bcm2708_fb.fbwidth=1232 bcm2708_fb.fbheight=768 bcm2709.boardrev=0xa21041 bcm2709.serial=0x3265c64e smsc95xx.macaddr=B8:27:EB:65:C6:4E bcm2708_fb.fbswap=1 bcm2709.disk_led_gpio=47 bcm2709.disk_led_active_low=0 sdhci-bcm2708.emmc_clock_freq=250000000 vc_mem.mem_base=0x3dc00000 vc_mem.mem_size=0x3f000000  dwc_otg.lpm_enable=0 console=ttyAMA0,115200 console=tty1 root=/dev/mmcblk0p6 rootfstype=ext4 elevator=deadline rootwait
May  6 23:29:37 raspberrypi kernel: [    0.000000] PID hash table entries: 4096 (order: 2, 16384 bytes)
May  6 23:29:37 raspberrypi kernel: [    0.000000] Dentry cache hash table entries: 131072 (order: 7, 524288 bytes)
May  6 23:29:37 raspberrypi kernel: [    0.000000] Inode-cache hash table entries: 65536 (order: 6, 262144 bytes)
May  6 23:29:37 raspberrypi kernel: [    0.000000] Memory: 940832K/966656K available (5722K kernel code, 397K rwdata, 1748K rodata, 384K init, 763K bss, 25824K reserved)
May  6 23:29:37 raspberrypi kernel: [    0.000000] Virtual kernel memory layout:
May  6 23:29:37 raspberrypi kernel: [    0.000000]     vector  : 0xffff0000 - 0xffff1000   (   4 kB)
May  6 23:29:37 raspberrypi kernel: [    0.000000]     fixmap  : 0xffc00000 - 0xffe00000   (2048 kB)
May  6 23:29:37 raspberrypi kernel: [    0.000000]     vmalloc : 0xbb800000 - 0xff000000   (1080 MB)
May  6 23:29:37 raspberrypi kernel: [    0.000000]     lowmem  : 0x80000000 - 0xbb000000   ( 944 MB)
May  6 23:29:37 raspberrypi kernel: [    0.000000]     modules : 0x7f000000 - 0x80000000   (  16 MB)
May  6 23:29:37 raspberrypi kernel: [    0.000000]       .text : 0x80008000 - 0x80753a48   (7471 kB)
May  6 23:29:37 raspberrypi kernel: [    0.000000]       .init : 0x80754000 - 0x807b4000   ( 384 kB)
May  6 23:29:37 raspberrypi kernel: [    0.000000]       .data : 0x807b4000 - 0x808174bc   ( 398 kB)
May  6 23:29:37 raspberrypi kernel: [    0.000000]        .bss : 0x808174bc - 0x808d6254   ( 764 kB)
May  6 23:29:37 raspberrypi kernel: [    0.000000] SLUB: HWalign=64, Order=0-3, MinObjects=0, CPUs=4, Nodes=1
May  6 23:29:37 raspberrypi kernel: [    0.000000] Preemptible hierarchical RCU implementation.
May  6 23:29:37 raspberrypi kernel: [    0.000000] NR_IRQS:608
May  6 23:29:37 raspberrypi kernel: [    0.000000] Architected cp15 timer(s) running at 19.20MHz (virt).
May  6 23:29:37 raspberrypi kernel: [    0.000014] sched_clock: 56 bits at 19MHz, resolution 52ns, wraps every 3579139424256ns
May  6 23:29:37 raspberrypi kernel: [    0.000037] Switching to timer-based delay loop, resolution 52ns
May  6 23:29:37 raspberrypi kernel: [    0.000337] Console: colour dummy device 80x30
May  6 23:29:37 raspberrypi kernel: [    0.001800] console [tty1] enabled
May  6 23:29:37 raspberrypi kernel: [    0.001850] Calibrating delay loop (skipped), value calculated using timer frequency.. 38.40 BogoMIPS (lpj=192000)
May  6 23:29:37 raspberrypi kernel: [    0.001932] pid_max: default: 32768 minimum: 301
May  6 23:29:37 raspberrypi kernel: [    0.002337] Mount-cache hash table entries: 2048 (order: 1, 8192 bytes)
May  6 23:29:37 raspberrypi kernel: [    0.002396] Mountpoint-cache hash table entries: 2048 (order: 1, 8192 bytes)
May  6 23:29:37 raspberrypi kernel: [    0.003674] Initializing cgroup subsys memory
May  6 23:29:37 raspberrypi kernel: [    0.003762] Initializing cgroup subsys devices
May  6 23:29:37 raspberrypi kernel: [    0.003816] Initializing cgroup subsys freezer
May  6 23:29:37 raspberrypi kernel: [    0.003866] Initializing cgroup subsys net_cls
May  6 23:29:37 raspberrypi kernel: [    0.003931] Initializing cgroup subsys blkio
May  6 23:29:37 raspberrypi kernel: [    0.004039] CPU: Testing write buffer coherency: ok
May  6 23:29:37 raspberrypi kernel: [    0.004156] ftrace: allocating 19614 entries in 58 pages
May  6 23:29:37 raspberrypi kernel: [    0.052637] CPU0: update cpu_capacity 1024
May  6 23:29:37 raspberrypi kernel: [    0.052715] CPU0: thread -1, cpu 0, socket 15, mpidr 80000f00
May  6 23:29:37 raspberrypi kernel: [    0.052757] [bcm2709_smp_prepare_cpus] enter
May  6 23:29:37 raspberrypi kernel: [    0.052909] Setting up static identity map for 0x528478 - 0x5284ac
May  6 23:29:37 raspberrypi kernel: [    0.112556] [bcm2709_boot_secondary] cpu:1 started (0) 17
May  6 23:29:37 raspberrypi kernel: [    0.112865] CPU1: Booted secondary processor
May  6 23:29:37 raspberrypi kernel: [    0.112873] [bcm2709_secondary_init] enter cpu:1
May  6 23:29:37 raspberrypi kernel: [    0.112923] CPU1: update cpu_capacity 1024
May  6 23:29:37 raspberrypi kernel: [    0.112933] CPU1: thread -1, cpu 1, socket 15, mpidr 80000f01
May  6 23:29:37 raspberrypi kernel: [    0.132537] [bcm2709_boot_secondary] cpu:2 started (0) 17
May  6 23:29:37 raspberrypi kernel: [    0.132796] CPU2: Booted secondary processor
May  6 23:29:37 raspberrypi kernel: [    0.132803] [bcm2709_secondary_init] enter cpu:2
May  6 23:29:37 raspberrypi kernel: [    0.132833] CPU2: update cpu_capacity 1024
May  6 23:29:37 raspberrypi kernel: [    0.132842] CPU2: thread -1, cpu 2, socket 15, mpidr 80000f02
May  6 23:29:37 raspberrypi kernel: [    0.152613] [bcm2709_boot_secondary] cpu:3 started (0) 17
May  6 23:29:37 raspberrypi kernel: [    0.152851] CPU3: Booted secondary processor
May  6 23:29:37 raspberrypi kernel: [    0.152859] [bcm2709_secondary_init] enter cpu:3
May  6 23:29:37 raspberrypi kernel: [    0.152887] CPU3: update cpu_capacity 1024
May  6 23:29:37 raspberrypi kernel: [    0.152895] CPU3: thread -1, cpu 3, socket 15, mpidr 80000f03
May  6 23:29:37 raspberrypi kernel: [    0.152989] Brought up 4 CPUs
May  6 23:29:37 raspberrypi kernel: [    0.153110] SMP: Total of 4 processors activated (153.60 BogoMIPS).
May  6 23:29:37 raspberrypi kernel: [    0.153143] CPU: All CPU(s) started in SVC mode.
May  6 23:29:37 raspberrypi kernel: [    0.154153] devtmpfs: initialized
May  6 23:29:37 raspberrypi kernel: [    0.179016] VFP support v0.3: implementor 41 architecture 2 part 30 variant 7 rev 5
May  6 23:29:37 raspberrypi kernel: [    0.180991] pinctrl core: initialized pinctrl subsystem
May  6 23:29:37 raspberrypi kernel: [    0.184099] NET: Registered protocol family 16
May  6 23:29:37 raspberrypi kernel: [    0.189728] DMA: preallocated 4096 KiB pool for atomic coherent allocations
May  6 23:29:37 raspberrypi kernel: [    0.190899] bcm2709.uart_clock = 3000000
May  6 23:29:37 raspberrypi kernel: [    0.193683] hw-breakpoint: found 5 (+1 reserved) breakpoint and 4 watchpoint registers.
May  6 23:29:37 raspberrypi kernel: [    0.193736] hw-breakpoint: maximum watchpoint size is 8 bytes.
May  6 23:29:37 raspberrypi kernel: [    0.193792] mailbox: Broadcom VideoCore Mailbox driver
May  6 23:29:37 raspberrypi kernel: [    0.193925] bcm2708_vcio: mailbox at f300b880
May  6 23:29:37 raspberrypi kernel: [    0.194286] bcm_power: Broadcom power driver
May  6 23:29:37 raspberrypi kernel: [    0.194324] bcm_power_open() -> 0
May  6 23:29:37 raspberrypi kernel: [    0.194349] bcm_power_request(0, 8)
May  6 23:29:37 raspberrypi kernel: [    0.695029] bcm_mailbox_read -> 00000080, 0
May  6 23:29:37 raspberrypi kernel: [    0.695061] bcm_power_request -> 0
May  6 23:29:37 raspberrypi kernel: [    0.695206] Serial: AMBA PL011 UART driver
May  6 23:29:37 raspberrypi kernel: [    0.695352] dev:f1: ttyAMA0 at MMIO 0x3f201000 (irq = 83, base_baud = 0) is a PL011 rev3
May  6 23:29:37 raspberrypi kernel: [    1.203635] console [ttyAMA0] enabled
May  6 23:29:37 raspberrypi kernel: [    1.275777] SCSI subsystem initialized
May  6 23:29:37 raspberrypi kernel: [    1.279791] usbcore: registered new interface driver usbfs
May  6 23:29:37 raspberrypi kernel: [    1.285463] usbcore: registered new interface driver hub
May  6 23:29:37 raspberrypi kernel: [    1.290931] usbcore: registered new device driver usb
May  6 23:29:37 raspberrypi kernel: [    1.297834] Switched to clocksource arch_sys_counter
May  6 23:29:37 raspberrypi kernel: [    1.333464] FS-Cache: Loaded
May  6 23:29:37 raspberrypi kernel: [    1.336696] CacheFiles: Loaded
May  6 23:29:37 raspberrypi kernel: [    1.351211] NET: Registered protocol family 2
May  6 23:29:37 raspberrypi kernel: [    1.356864] TCP established hash table entries: 8192 (order: 3, 32768 bytes)
May  6 23:29:37 raspberrypi kernel: [    1.364124] TCP bind hash table entries: 8192 (order: 4, 65536 bytes)
May  6 23:29:37 raspberrypi kernel: [    1.370834] TCP: Hash tables configured (established 8192 bind 8192)
May  6 23:29:37 raspberrypi kernel: [    1.377307] TCP: reno registered
May  6 23:29:37 raspberrypi kernel: [    1.380586] UDP hash table entries: 512 (order: 2, 16384 bytes)
May  6 23:29:37 raspberrypi kernel: [    1.386572] UDP-Lite hash table entries: 512 (order: 2, 16384 bytes)
May  6 23:29:37 raspberrypi kernel: [    1.393307] NET: Registered protocol family 1
May  6 23:29:37 raspberrypi kernel: [    1.398382] RPC: Registered named UNIX socket transport module.
May  6 23:29:37 raspberrypi kernel: [    1.404327] RPC: Registered udp transport module.
May  6 23:29:37 raspberrypi kernel: [    1.409094] RPC: Registered tcp transport module.
May  6 23:29:37 raspberrypi kernel: [    1.413813] RPC: Registered tcp NFSv4.1 backchannel transport module.
May  6 23:29:37 raspberrypi kernel: [    1.421244] hw perfevents: enabled with armv7_cortex_a7 PMU driver, 5 counters available
May  6 23:29:37 raspberrypi kernel: [    1.429660] bcm2708_dma: DMA manager at f3007000
May  6 23:29:37 raspberrypi kernel: [    1.434452] vc-mem: phys_addr:0x00000000 mem_base=0x3dc00000 mem_size:0x3f000000(1008 MiB)
May  6 23:29:37 raspberrypi kernel: [    1.444282] futex hash table entries: 1024 (order: 4, 65536 bytes)
May  6 23:29:37 raspberrypi kernel: [    1.450805] audit: initializing netlink subsys (disabled)
May  6 23:29:37 raspberrypi kernel: [    1.456277] audit: type=2000 audit(1.239:1): initialized
May  6 23:29:37 raspberrypi kernel: [    1.477894] VFS: Disk quotas dquot_6.5.2
May  6 23:29:37 raspberrypi kernel: [    1.482208] Dquot-cache hash table entries: 1024 (order 0, 4096 bytes)
May  6 23:29:37 raspberrypi kernel: [    1.491762] FS-Cache: Netfs 'nfs' registered for caching
May  6 23:29:37 raspberrypi kernel: [    1.498200] NFS: Registering the id_resolver key type
May  6 23:29:37 raspberrypi kernel: [    1.503331] Key type id_resolver registered
May  6 23:29:37 raspberrypi kernel: [    1.507525] Key type id_legacy registered
May  6 23:29:37 raspberrypi kernel: [    1.512723] msgmni has been set to 1853
May  6 23:29:37 raspberrypi kernel: [    1.518516] Block layer SCSI generic (bsg) driver version 0.4 loaded (major 252)
May  6 23:29:37 raspberrypi kernel: [    1.526120] io scheduler noop registered
May  6 23:29:37 raspberrypi kernel: [    1.530101] io scheduler deadline registered (default)
May  6 23:29:37 raspberrypi kernel: [    1.535565] io scheduler cfq registered
May  6 23:29:37 raspberrypi kernel: [    1.542027] BCM2708FB: allocated DMA memory fac00000
May  6 23:29:37 raspberrypi kernel: [    1.547041] BCM2708FB: allocated DMA channel 0 @ f3007000
May  6 23:29:37 raspberrypi kernel: [    1.568593] Console: switching to colour frame buffer device 154x48
May  6 23:29:37 raspberrypi kernel: [    1.585476] bcm2708-dmaengine bcm2708-dmaengine: Load BCM2835 DMA engine driver
May  6 23:29:37 raspberrypi kernel: [    1.593247] uart-pl011 dev:f1: no DMA platform data
May  6 23:29:37 raspberrypi kernel: [    1.598752] vc-cma: Videocore CMA driver
May  6 23:29:37 raspberrypi kernel: [    1.602755] vc-cma: vc_cma_base      = 0x00000000
May  6 23:29:37 raspberrypi kernel: [    1.607544] vc-cma: vc_cma_size      = 0x00000000 (0 MiB)
May  6 23:29:37 raspberrypi kernel: [    1.613069] vc-cma: vc_cma_initial   = 0x00000000 (0 MiB)
May  6 23:29:37 raspberrypi kernel: [    1.630620] brd: module loaded
May  6 23:29:37 raspberrypi kernel: [    1.639683] loop: module loaded
May  6 23:29:37 raspberrypi kernel: [    1.643220] vchiq: vchiq_init_state: slot_zero = 0xba800000, is_master = 0
May  6 23:29:37 raspberrypi kernel: [    1.651075] Loading iSCSI transport class v2.0-870.
May  6 23:29:37 raspberrypi kernel: [    1.657033] usbcore: registered new interface driver smsc95xx
May  6 23:29:37 raspberrypi kernel: [    1.663026] dwc_otg: version 3.00a 10-AUG-2012 (platform bus)
May  6 23:29:37 raspberrypi kernel: [    1.869254] Core Release: 2.80a
May  6 23:29:37 raspberrypi kernel: [    1.875809] Setting default values for core params
May  6 23:29:37 raspberrypi kernel: [    1.884038] Finished setting default values for core params
May  6 23:29:37 raspberrypi kernel: [    2.093423] Using Buffer DMA mode
May  6 23:29:37 raspberrypi kernel: [    2.100119] Periodic Transfer Interrupt Enhancement - disabled
May  6 23:29:37 raspberrypi kernel: [    2.109385] Multiprocessor Interrupt Enhancement - disabled
May  6 23:29:37 raspberrypi kernel: [    2.118447] OTG VER PARAM: 0, OTG VER FLAG: 0
May  6 23:29:37 raspberrypi kernel: [    2.126265] Dedicated Tx FIFOs mode
May  6 23:29:37 raspberrypi kernel: [    2.133549] WARN::dwc_otg_hcd_init:1047: FIQ DMA bounce buffers: virt = 0xbac14000 dma = 0xfac14000 len=9024
May  6 23:29:37 raspberrypi kernel: [    2.146982] FIQ FSM acceleration enabled for :
May  6 23:29:37 raspberrypi kernel: [    2.146982] Non-periodic Split Transactions
May  6 23:29:37 raspberrypi kernel: [    2.146982] Periodic Split Transactions
May  6 23:29:37 raspberrypi kernel: [    2.146982] High-Speed Isochronous Endpoints
May  6 23:29:37 raspberrypi kernel: [    2.177447] dwc_otg: Microframe scheduler enabled
May  6 23:29:37 raspberrypi kernel: [    2.177522] WARN::hcd_init_fiq:412: FIQ on core 1 at 0x803d98b4
May  6 23:29:37 raspberrypi kernel: [    2.186830] WARN::hcd_init_fiq:413: FIQ ASM at 0x803d9c10 length 36
May  6 23:29:37 raspberrypi kernel: [    2.196480] WARN::hcd_init_fiq:438: MPHI regs_base at 0xbb80a000
May  6 23:29:37 raspberrypi kernel: [    2.205846] dwc_otg bcm2708_usb: DWC OTG Controller
May  6 23:29:37 raspberrypi kernel: [    2.214121] dwc_otg bcm2708_usb: new USB bus registered, assigned bus number 1
May  6 23:29:37 raspberrypi kernel: [    2.224763] dwc_otg bcm2708_usb: irq 32, io mem 0x00000000
May  6 23:29:37 raspberrypi kernel: [    2.233638] Init: Port Power? op_state=1
May  6 23:29:37 raspberrypi kernel: [    2.240932] Init: Power Port (0)
May  6 23:29:37 raspberrypi kernel: [    2.247725] usb usb1: New USB device found, idVendor=1d6b, idProduct=0002
May  6 23:29:37 raspberrypi kernel: [    2.257947] usb usb1: New USB device strings: Mfr=3, Product=2, SerialNumber=1
May  6 23:29:37 raspberrypi kernel: [    2.268563] usb usb1: Product: DWC OTG Controller
May  6 23:29:37 raspberrypi kernel: [    2.276570] usb usb1: Manufacturer: Linux 3.18.11-v7+ dwc_otg_hcd
May  6 23:29:37 raspberrypi kernel: [    2.286020] usb usb1: SerialNumber: bcm2708_usb
May  6 23:29:37 raspberrypi kernel: [    2.294802] hub 1-0:1.0: USB hub found
May  6 23:29:37 raspberrypi kernel: [    2.302023] hub 1-0:1.0: 1 port detected
May  6 23:29:37 raspberrypi kernel: [    2.309767] dwc_otg: FIQ enabled
May  6 23:29:37 raspberrypi kernel: [    2.309781] dwc_otg: NAK holdoff enabled
May  6 23:29:37 raspberrypi kernel: [    2.309792] dwc_otg: FIQ split-transaction FSM enabled
May  6 23:29:37 raspberrypi kernel: [    2.309831] Module dwc_common_port init
May  6 23:29:37 raspberrypi kernel: [    2.310228] usbcore: registered new interface driver usb-storage
May  6 23:29:37 raspberrypi kernel: [    2.319969] mousedev: PS/2 mouse device common for all mice
May  6 23:29:37 raspberrypi kernel: [    2.329559] bcm2835-cpufreq: min=600000 max=900000
May  6 23:29:37 raspberrypi kernel: [    2.338062] sdhci: Secure Digital Host Controller Interface driver
May  6 23:29:37 raspberrypi kernel: [    2.347564] sdhci: Copyright(c) Pierre Ossman
May  6 23:29:37 raspberrypi kernel: [    2.355481] DMA channels allocated for the MMC driver
May  6 23:29:37 raspberrypi kernel: [    2.397880] Load BCM2835 MMC driver
May  6 23:29:37 raspberrypi kernel: [    2.408261] sdhci-pltfm: SDHCI platform and OF driver helper
May  6 23:29:37 raspberrypi kernel: [    2.419138] ledtrig-cpu: registered to indicate activity on CPUs
May  6 23:29:37 raspberrypi kernel: [    2.428874] hidraw: raw HID events driver (C) Jiri Kosina
May  6 23:29:37 raspberrypi kernel: [    2.438083] usbcore: registered new interface driver usbhid
May  6 23:29:37 raspberrypi kernel: [    2.449207] usbhid: USB HID core driver
May  6 23:29:37 raspberrypi kernel: [    2.456797] TCP: cubic registered
May  6 23:29:37 raspberrypi kernel: [    2.465595] Initializing XFRM netlink socket
May  6 23:29:37 raspberrypi kernel: [    2.473353] NET: Registered protocol family 17
May  6 23:29:37 raspberrypi kernel: [    2.481391] Key type dns_resolver registered
May  6 23:29:37 raspberrypi kernel: [    2.489496] Registering SWP/SWPB emulation handler
May  6 23:29:37 raspberrypi kernel: [    2.498688] registered taskstats version 1
May  6 23:29:37 raspberrypi kernel: [    2.506400] vc-sm: Videocore shared memory driver
May  6 23:29:37 raspberrypi kernel: [    2.508004] Indeed it is in host mode hprt0 = 00021501
May  6 23:29:37 raspberrypi kernel: [    2.522948] [vc_sm_connected_init]: start
May  6 23:29:37 raspberrypi kernel: [    2.530934] [vc_sm_connected_init]: end - returning 0
May  6 23:29:37 raspberrypi kernel: [    2.540593] Waiting for root device /dev/mmcblk0p6...
May  6 23:29:37 raspberrypi kernel: [    2.555012] mmc0: host does not support reading read-only switch, assuming write-enable
May  6 23:29:37 raspberrypi kernel: [    2.569348] mmc0: new high speed SDHC card at address 0007
May  6 23:29:37 raspberrypi kernel: [    2.578829] mmcblk0: mmc0:0007 SD8GB 7.42 GiB 
May  6 23:29:37 raspberrypi kernel: [    2.592590]  mmcblk0: p1 p2 < p5 p6 > p3
May  6 23:29:37 raspberrypi kernel: [    2.674015] EXT4-fs (mmcblk0p6): mounted filesystem with ordered data mode. Opts: (null)
May  6 23:29:37 raspberrypi kernel: [    2.685656] VFS: Mounted root (ext4 filesystem) readonly on device 179:6.
May  6 23:29:37 raspberrypi kernel: [    2.687967] usb 1-1: new high-speed USB device number 2 using dwc_otg
May  6 23:29:37 raspberrypi kernel: [    2.695972] Indeed it is in host mode hprt0 = 00001101
May  6 23:29:37 raspberrypi kernel: [    2.727083] devtmpfs: mounted
May  6 23:29:37 raspberrypi kernel: [    2.734097] Freeing unused kernel memory: 384K (80754000 - 807b4000)
May  6 23:29:37 raspberrypi kernel: [    2.888300] usb 1-1: New USB device found, idVendor=0424, idProduct=9514
May  6 23:29:37 raspberrypi kernel: [    2.898604] usb 1-1: New USB device strings: Mfr=0, Product=0, SerialNumber=0
May  6 23:29:37 raspberrypi kernel: [    2.910165] hub 1-1:1.0: USB hub found
May  6 23:29:37 raspberrypi kernel: [    2.917520] hub 1-1:1.0: 5 ports detected
May  6 23:29:37 raspberrypi kernel: [    3.198064] usb 1-1.1: new high-speed USB device number 3 using dwc_otg
May  6 23:29:37 raspberrypi kernel: [    3.308425] usb 1-1.1: New USB device found, idVendor=0424, idProduct=ec00
May  6 23:29:37 raspberrypi kernel: [    3.319035] usb 1-1.1: New USB device strings: Mfr=0, Product=0, SerialNumber=0
May  6 23:29:37 raspberrypi kernel: [    3.333890] smsc95xx v1.0.4
May  6 23:29:37 raspberrypi kernel: [    3.402185] smsc95xx 1-1.1:1.0 eth0: register 'smsc95xx' at usb-bcm2708_usb-1.1, smsc95xx USB 2.0 Ethernet, b8:27:eb:65:c6:4e
May  6 23:29:37 raspberrypi kernel: [    3.498148] usb 1-1.3: new full-speed USB device number 4 using dwc_otg
May  6 23:29:37 raspberrypi kernel: [    3.615771] usb 1-1.3: New USB device found, idVendor=046d, idProduct=c534
May  6 23:29:37 raspberrypi kernel: [    3.626985] usb 1-1.3: New USB device strings: Mfr=1, Product=2, SerialNumber=0
May  6 23:29:37 raspberrypi kernel: [    3.639258] usb 1-1.3: Product: USB Receiver
May  6 23:29:37 raspberrypi kernel: [    3.647751] usb 1-1.3: Manufacturer: Logitech
May  6 23:29:37 raspberrypi kernel: [    3.668578] input: Logitech USB Receiver as /devices/platform/bcm2708_usb/usb1/1-1/1-1.3/1-1.3:1.0/0003:046D:C534.0001/input/input0
May  6 23:29:37 raspberrypi kernel: [    3.685742] hid-generic 0003:046D:C534.0001: input,hidraw0: USB HID v1.11 Keyboard [Logitech USB Receiver] on usb-bcm2708_usb-1.3/input0
May  6 23:29:37 raspberrypi kernel: [    3.713716] input: Logitech USB Receiver as /devices/platform/bcm2708_usb/usb1/1-1/1-1.3/1-1.3:1.1/0003:046D:C534.0002/input/input1
May  6 23:29:37 raspberrypi kernel: [    3.730979] hid-generic 0003:046D:C534.0002: input,hiddev0,hidraw1: USB HID v1.11 Mouse [Logitech USB Receiver] on usb-bcm2708_usb-1.3/input1
May  6 23:29:37 raspberrypi kernel: [    3.828157] usb 1-1.5: new high-speed USB device number 5 using dwc_otg
May  6 23:29:37 raspberrypi kernel: [    3.939969] usb 1-1.5: New USB device found, idVendor=7392, idProduct=7811
May  6 23:29:37 raspberrypi kernel: [    3.939982] usb 1-1.5: New USB device strings: Mfr=1, Product=2, SerialNumber=3
May  6 23:29:37 raspberrypi kernel: [    3.939992] usb 1-1.5: Product: 802.11n WLAN Adapter
May  6 23:29:37 raspberrypi kernel: [    3.940001] usb 1-1.5: Manufacturer: Realtek
May  6 23:29:37 raspberrypi kernel: [    3.940009] usb 1-1.5: SerialNumber: 00e04c000001
May  6 23:29:37 raspberrypi kernel: [    4.603668] random: nonblocking pool is initialized
May  6 23:29:37 raspberrypi kernel: [    4.755151] usbcore: registered new interface driver rtl8192cu
May  6 23:29:37 raspberrypi kernel: [    6.616617] EXT4-fs (mmcblk0p6): re-mounted. Opts: (null)
May  6 23:29:37 raspberrypi kernel: [    6.866655] EXT4-fs (mmcblk0p6): re-mounted. Opts: (null)
May  6 23:29:37 raspberrypi kernel: [   12.512121] smsc95xx 1-1.1:1.0 eth0: hardware isn't capable of remote wakeup
May  6 23:29:37 raspberrypi kernel: [   15.931151] cfg80211: Calling CRDA to update world regulatory domain
May  6 23:29:38 raspberrypi ntpd[2325]: ntpd 4.2.6p5@1.2349-o Sun Apr 12 22:37:22 UTC 2015 (1)
May  6 23:29:38 raspberrypi ntpd[2350]: proto: precision = 1.250 usec
May  6 23:29:38 raspberrypi ntpd[2350]: Listen and drop on 0 v4wildcard 0.0.0.0 UDP 123
May  6 23:29:38 raspberrypi ntpd[2350]: Listen normally on 1 lo 127.0.0.1 UDP 123
May  6 23:29:38 raspberrypi ntpd[2350]: peers refreshed
May  6 23:29:38 raspberrypi ntpd[2350]: Listening on routing socket on fd #18 for interface updates
May  6 23:29:38 raspberrypi ntpd[2350]: restrict: error in address '::' on line 38. Ignoring...
May  6 23:29:38 raspberrypi ntpd[2350]: restrict: error in address '::1' on line 42. Ignoring...
May  6 23:29:38 raspberrypi ntpd[2350]: Deferring DNS for 0.debian.pool.ntp.org 1
May  6 23:29:38 raspberrypi /usr/sbin/cron[2369]: (CRON) INFO (pidfile fd = 3)
May  6 23:29:38 raspberrypi ntpd[2350]: Deferring DNS for 1.debian.pool.ntp.org 1
May  6 23:29:38 raspberrypi ntpd[2350]: Deferring DNS for 2.debian.pool.ntp.org 1
May  6 23:29:38 raspberrypi ntpd[2350]: Deferring DNS for 3.debian.pool.ntp.org 1
May  6 23:29:38 raspberrypi ntpd[2383]: signal_no_reset: signal 17 had flags 4000000
May  6 23:29:38 raspberrypi /usr/sbin/cron[2382]: (CRON) STARTUP (fork ok)
May  6 23:29:38 raspberrypi /usr/sbin/cron[2382]: (CRON) INFO (Running @reboot jobs)
May  6 23:29:38 raspberrypi kernel: [   18.012515] Adding 102396k swap on /var/swap.  Priority:-1 extents:1 across:102396k SSFS
May  6 23:29:38 raspberrypi dhcpcd[2124]: no interfaces have a carrier
May  6 23:29:38 raspberrypi dhcpcd[2475]: eth0: waiting for carrier
May  6 23:29:38 raspberrypi dhcpcd[2475]: wlan0: waiting for carrier
May  6 23:29:38 raspberrypi dhcpcd[2124]: forked to background, child pid 2475
May  6 23:29:38 raspberrypi avahi-daemon[2480]: Found user 'avahi' (UID 103) and group 'avahi' (GID 105).
May  6 23:29:38 raspberrypi avahi-daemon[2480]: Successfully dropped root privileges.
May  6 23:29:38 raspberrypi avahi-daemon[2480]: avahi-daemon 0.6.31 starting up.
May  6 23:29:38 raspberrypi avahi-daemon[2480]: Successfully called chroot().
May  6 23:29:38 raspberrypi avahi-daemon[2480]: Successfully dropped remaining capabilities.
May  6 23:29:38 raspberrypi avahi-daemon[2480]: Loading service file /services/udisks.service.
May  6 23:29:38 raspberrypi avahi-daemon[2480]: socket() failed: Address family not supported by protocol
May  6 23:29:38 raspberrypi avahi-daemon[2480]: Failed to create IPv6 socket, proceeding in IPv4 only mode
May  6 23:29:38 raspberrypi avahi-daemon[2480]: socket() failed: Address family not supported by protocol
May  6 23:29:38 raspberrypi avahi-daemon[2480]: Network interface enumeration completed.
May  6 23:29:38 raspberrypi avahi-daemon[2480]: Registering HINFO record with values 'ARMV7L'/'LINUX'.
May  6 23:29:38 raspberrypi avahi-daemon[2480]: Server startup complete. Host name is raspberrypi.local. Local service cookie is 3167632408.
May  6 23:29:38 raspberrypi avahi-daemon[2480]: Service "raspberrypi" (/services/udisks.service) successfully established.
May  6 23:29:40 raspberrypi ntpd_intres[2383]: host name not found EAI_NODATA: 0.debian.pool.ntp.org
May  6 23:29:40 raspberrypi ntpd_intres[2383]: host name not found EAI_NODATA: 1.debian.pool.ntp.org
May  6 23:29:40 raspberrypi ntpd_intres[2383]: host name not found EAI_NODATA: 2.debian.pool.ntp.org
May  6 23:29:40 raspberrypi ntpd_intres[2383]: host name not found EAI_NODATA: 3.debian.pool.ntp.org
May  6 23:30:42 raspberrypi ntpd_intres[2383]: host name not found EAI_NODATA: 0.debian.pool.ntp.org
May  6 23:30:42 raspberrypi ntpd_intres[2383]: host name not found EAI_NODATA: 1.debian.pool.ntp.org
May  6 23:30:42 raspberrypi ntpd_intres[2383]: host name not found EAI_NODATA: 2.debian.pool.ntp.org
May  6 23:30:42 raspberrypi ntpd_intres[2383]: host name not found EAI_NODATA: 3.debian.pool.ntp.org
May  6 23:31:40 raspberrypi init: Re-reading inittab
May  6 23:31:43 raspberrypi shutdown[2672]: shutting down for system reboot
May  6 23:31:44 raspberrypi init: Switching to runlevel: 6
May  6 23:31:46 raspberrypi dhcpcd[2722]: sending signal TERM to pid 2475
May  6 23:31:46 raspberrypi dhcpcd[2722]: waiting for pid 2475 to exit
May  6 23:31:46 raspberrypi dhcpcd[2475]: received signal TERM from PID 2722, stopping
May  6 23:31:46 raspberrypi dhcpcd[2475]: wlan0: removing interface
May  6 23:31:46 raspberrypi dhcpcd[2475]: eth0: removing interface
May  6 23:31:46 raspberrypi avahi-daemon[2480]: Got SIGTERM, quitting.
May  6 23:31:46 raspberrypi avahi-daemon[2480]: avahi-daemon 0.6.31 exiting.
May  6 23:31:46 raspberrypi dhcpcd[2475]: exited
May  6 23:31:46 raspberrypi ifplugd(eth0)[1646]: Exiting.
May  6 23:31:46 raspberrypi ifplugd(wlan0)[1650]: Exiting.
May  6 23:31:51 raspberrypi ntpd_intres[2383]: ntpd exiting on signal 15
May  6 23:31:51 raspberrypi ntpd[2350]: ntpd exiting on signal 15
May  6 23:31:51 raspberrypi ifplugd(lo)[1642]: Exiting.
May  6 23:31:54 solartree kernel: imklog 5.8.11, log source = /proc/kmsg started.
May  6 23:31:54 solartree rsyslogd: [origin software="rsyslogd" swVersion="5.8.11" x-pid="1991" x-info="http://www.rsyslog.com"] start
May  6 23:31:54 solartree kernel: [    0.000000] Booting Linux on physical CPU 0xf00
May  6 23:31:54 solartree kernel: [    0.000000] Initializing cgroup subsys cpu
May  6 23:31:54 solartree kernel: [    0.000000] Initializing cgroup subsys cpuacct
May  6 23:31:54 solartree kernel: [    0.000000] Linux version 3.18.11-v7+ (dc4@dc4-XPS13-9333) (gcc version 4.8.3 20140303 (prerelease) (crosstool-NG linaro-1.13.1+bzr2650 - Linaro GCC 2014.03) ) #781 SMP PREEMPT Tue Apr 21 18:07:59 BST 2015
May  6 23:31:54 solartree kernel: [    0.000000] CPU: ARMv7 Processor [410fc075] revision 5 (ARMv7), cr=10c5387d
May  6 23:31:54 solartree kernel: [    0.000000] CPU: PIPT / VIPT nonaliasing data cache, VIPT aliasing instruction cache
May  6 23:31:54 solartree kernel: [    0.000000] Machine model: Raspberry Pi 2 Model B
May  6 23:31:54 solartree kernel: [    0.000000] cma: Reserved 8 MiB at 0x3a800000
May  6 23:31:54 solartree kernel: [    0.000000] Memory policy: Data cache writealloc
May  6 23:31:54 solartree kernel: [    0.000000] On node 0 totalpages: 241664
May  6 23:31:54 solartree kernel: [    0.000000] free_area_init_node: node 0, pgdat 8080f480, node_mem_map ba093000
May  6 23:31:54 solartree kernel: [    0.000000]   Normal zone: 1888 pages used for memmap
May  6 23:31:54 solartree kernel: [    0.000000]   Normal zone: 0 pages reserved
May  6 23:31:54 solartree kernel: [    0.000000]   Normal zone: 241664 pages, LIFO batch:31
May  6 23:31:54 solartree kernel: [    0.000000] [bcm2709_smp_init_cpus] enter (8620->f3003010)
May  6 23:31:54 solartree kernel: [    0.000000] [bcm2709_smp_init_cpus] ncores=4
May  6 23:31:54 solartree kernel: [    0.000000] PERCPU: Embedded 10 pages/cpu @ba061000 s11456 r8192 d21312 u40960
May  6 23:31:54 solartree kernel: [    0.000000] pcpu-alloc: s11456 r8192 d21312 u40960 alloc=10*4096
May  6 23:31:54 solartree kernel: [    0.000000] pcpu-alloc: [0] 0 [0] 1 [0] 2 [0] 3 
May  6 23:31:54 solartree kernel: [    0.000000] Built 1 zonelists in Zone order, mobility grouping on.  Total pages: 239776
May  6 23:31:54 solartree kernel: [    0.000000] Kernel command line: dma.dmachans=0x7f35 bcm2708_fb.fbwidth=1280 bcm2708_fb.fbheight=800 bcm2709.boardrev=0xa21041 bcm2709.serial=0x3265c64e smsc95xx.macaddr=B8:27:EB:65:C6:4E bcm2708_fb.fbswap=1 bcm2709.disk_led_gpio=47 bcm2709.disk_led_active_low=0 sdhci-bcm2708.emmc_clock_freq=250000000 vc_mem.mem_base=0x3dc00000 vc_mem.mem_size=0x3f000000  dwc_otg.lpm_enable=0 console=ttyAMA0,115200 console=tty1 root=/dev/mmcblk0p6 rootfstype=ext4 elevator=deadline rootwait
May  6 23:31:54 solartree kernel: [    0.000000] PID hash table entries: 4096 (order: 2, 16384 bytes)
May  6 23:31:54 solartree kernel: [    0.000000] Dentry cache hash table entries: 131072 (order: 7, 524288 bytes)
May  6 23:31:54 solartree kernel: [    0.000000] Inode-cache hash table entries: 65536 (order: 6, 262144 bytes)
May  6 23:31:54 solartree kernel: [    0.000000] Memory: 940832K/966656K available (5722K kernel code, 397K rwdata, 1748K rodata, 384K init, 763K bss, 25824K reserved)
May  6 23:31:54 solartree kernel: [    0.000000] Virtual kernel memory layout:
May  6 23:31:54 solartree kernel: [    0.000000]     vector  : 0xffff0000 - 0xffff1000   (   4 kB)
May  6 23:31:54 solartree kernel: [    0.000000]     fixmap  : 0xffc00000 - 0xffe00000   (2048 kB)
May  6 23:31:54 solartree kernel: [    0.000000]     vmalloc : 0xbb800000 - 0xff000000   (1080 MB)
May  6 23:31:54 solartree kernel: [    0.000000]     lowmem  : 0x80000000 - 0xbb000000   ( 944 MB)
May  6 23:31:54 solartree kernel: [    0.000000]     modules : 0x7f000000 - 0x80000000   (  16 MB)
May  6 23:31:54 solartree kernel: [    0.000000]       .text : 0x80008000 - 0x80753a48   (7471 kB)
May  6 23:31:54 solartree kernel: [    0.000000]       .init : 0x80754000 - 0x807b4000   ( 384 kB)
May  6 23:31:54 solartree kernel: [    0.000000]       .data : 0x807b4000 - 0x808174bc   ( 398 kB)
May  6 23:31:54 solartree kernel: [    0.000000]        .bss : 0x808174bc - 0x808d6254   ( 764 kB)
May  6 23:31:54 solartree kernel: [    0.000000] SLUB: HWalign=64, Order=0-3, MinObjects=0, CPUs=4, Nodes=1
May  6 23:31:54 solartree kernel: [    0.000000] Preemptible hierarchical RCU implementation.
May  6 23:31:54 solartree kernel: [    0.000000] NR_IRQS:608
May  6 23:31:54 solartree kernel: [    0.000000] Architected cp15 timer(s) running at 19.20MHz (virt).
May  6 23:31:54 solartree kernel: [    0.000014] sched_clock: 56 bits at 19MHz, resolution 52ns, wraps every 3579139424256ns
May  6 23:31:54 solartree kernel: [    0.000037] Switching to timer-based delay loop, resolution 52ns
May  6 23:31:54 solartree kernel: [    0.000330] Console: colour dummy device 80x30
May  6 23:31:54 solartree kernel: [    0.001765] console [tty1] enabled
May  6 23:31:54 solartree kernel: [    0.001817] Calibrating delay loop (skipped), value calculated using timer frequency.. 38.40 BogoMIPS (lpj=192000)
May  6 23:31:54 solartree kernel: [    0.001900] pid_max: default: 32768 minimum: 301
May  6 23:31:54 solartree kernel: [    0.002310] Mount-cache hash table entries: 2048 (order: 1, 8192 bytes)
May  6 23:31:54 solartree kernel: [    0.002369] Mountpoint-cache hash table entries: 2048 (order: 1, 8192 bytes)
May  6 23:31:54 solartree kernel: [    0.003645] Initializing cgroup subsys memory
May  6 23:31:54 solartree kernel: [    0.003736] Initializing cgroup subsys devices
May  6 23:31:54 solartree kernel: [    0.003791] Initializing cgroup subsys freezer
May  6 23:31:54 solartree kernel: [    0.003840] Initializing cgroup subsys net_cls
May  6 23:31:54 solartree kernel: [    0.003900] Initializing cgroup subsys blkio
May  6 23:31:54 solartree kernel: [    0.004006] CPU: Testing write buffer coherency: ok
May  6 23:31:54 solartree kernel: [    0.004121] ftrace: allocating 19614 entries in 58 pages
May  6 23:31:54 solartree kernel: [    0.052483] CPU0: update cpu_capacity 1024
May  6 23:31:54 solartree kernel: [    0.052560] CPU0: thread -1, cpu 0, socket 15, mpidr 80000f00
May  6 23:31:54 solartree kernel: [    0.052600] [bcm2709_smp_prepare_cpus] enter
May  6 23:31:54 solartree kernel: [    0.052752] Setting up static identity map for 0x528478 - 0x5284ac
May  6 23:31:54 solartree kernel: [    0.112386] [bcm2709_boot_secondary] cpu:1 started (0) 17
May  6 23:31:54 solartree kernel: [    0.112696] CPU1: Booted secondary processor
May  6 23:31:54 solartree kernel: [    0.112705] [bcm2709_secondary_init] enter cpu:1
May  6 23:31:54 solartree kernel: [    0.112759] CPU1: update cpu_capacity 1024
May  6 23:31:54 solartree kernel: [    0.112769] CPU1: thread -1, cpu 1, socket 15, mpidr 80000f01
May  6 23:31:54 solartree kernel: [    0.132363] [bcm2709_boot_secondary] cpu:2 started (0) 18
May  6 23:31:54 solartree kernel: [    0.132616] CPU2: Booted secondary processor
May  6 23:31:54 solartree kernel: [    0.132623] [bcm2709_secondary_init] enter cpu:2
May  6 23:31:54 solartree kernel: [    0.132656] CPU2: update cpu_capacity 1024
May  6 23:31:54 solartree kernel: [    0.132665] CPU2: thread -1, cpu 2, socket 15, mpidr 80000f02
May  6 23:31:54 solartree kernel: [    0.152443] [bcm2709_boot_secondary] cpu:3 started (0) 18
May  6 23:31:54 solartree kernel: [    0.152684] CPU3: Booted secondary processor
May  6 23:31:54 solartree kernel: [    0.152691] [bcm2709_secondary_init] enter cpu:3
May  6 23:31:54 solartree kernel: [    0.152722] CPU3: update cpu_capacity 1024
May  6 23:31:54 solartree kernel: [    0.152731] CPU3: thread -1, cpu 3, socket 15, mpidr 80000f03
May  6 23:31:54 solartree kernel: [    0.152825] Brought up 4 CPUs
May  6 23:31:54 solartree kernel: [    0.152947] SMP: Total of 4 processors activated (153.60 BogoMIPS).
May  6 23:31:54 solartree kernel: [    0.152979] CPU: All CPU(s) started in SVC mode.
May  6 23:31:54 solartree kernel: [    0.153985] devtmpfs: initialized
May  6 23:31:54 solartree kernel: [    0.178783] VFP support v0.3: implementor 41 architecture 2 part 30 variant 7 rev 5
May  6 23:31:54 solartree kernel: [    0.180781] pinctrl core: initialized pinctrl subsystem
May  6 23:31:54 solartree kernel: [    0.183893] NET: Registered protocol family 16
May  6 23:31:54 solartree kernel: [    0.189521] DMA: preallocated 4096 KiB pool for atomic coherent allocations
May  6 23:31:54 solartree kernel: [    0.190695] bcm2709.uart_clock = 3000000
May  6 23:31:54 solartree kernel: [    0.193479] hw-breakpoint: found 5 (+1 reserved) breakpoint and 4 watchpoint registers.
May  6 23:31:54 solartree kernel: [    0.193532] hw-breakpoint: maximum watchpoint size is 8 bytes.
May  6 23:31:54 solartree kernel: [    0.193587] mailbox: Broadcom VideoCore Mailbox driver
May  6 23:31:54 solartree kernel: [    0.193719] bcm2708_vcio: mailbox at f300b880
May  6 23:31:54 solartree kernel: [    0.194082] bcm_power: Broadcom power driver
May  6 23:31:54 solartree kernel: [    0.194118] bcm_power_open() -> 0
May  6 23:31:54 solartree kernel: [    0.194143] bcm_power_request(0, 8)
May  6 23:31:54 solartree kernel: [    0.694823] bcm_mailbox_read -> 00000080, 0
May  6 23:31:54 solartree kernel: [    0.694855] bcm_power_request -> 0
May  6 23:31:54 solartree kernel: [    0.695001] Serial: AMBA PL011 UART driver
May  6 23:31:54 solartree kernel: [    0.695148] dev:f1: ttyAMA0 at MMIO 0x3f201000 (irq = 83, base_baud = 0) is a PL011 rev3
May  6 23:31:54 solartree kernel: [    1.203428] console [ttyAMA0] enabled
May  6 23:31:54 solartree kernel: [    1.275629] SCSI subsystem initialized
May  6 23:31:54 solartree kernel: [    1.279644] usbcore: registered new interface driver usbfs
May  6 23:31:54 solartree kernel: [    1.285315] usbcore: registered new interface driver hub
May  6 23:31:54 solartree kernel: [    1.290785] usbcore: registered new device driver usb
May  6 23:31:54 solartree kernel: [    1.297701] Switched to clocksource arch_sys_counter
May  6 23:31:54 solartree kernel: [    1.333353] FS-Cache: Loaded
May  6 23:31:54 solartree kernel: [    1.336586] CacheFiles: Loaded
May  6 23:31:54 solartree kernel: [    1.351138] NET: Registered protocol family 2
May  6 23:31:54 solartree kernel: [    1.356784] TCP established hash table entries: 8192 (order: 3, 32768 bytes)
May  6 23:31:54 solartree kernel: [    1.364039] TCP bind hash table entries: 8192 (order: 4, 65536 bytes)
May  6 23:31:54 solartree kernel: [    1.370739] TCP: Hash tables configured (established 8192 bind 8192)
May  6 23:31:54 solartree kernel: [    1.377208] TCP: reno registered
May  6 23:31:54 solartree kernel: [    1.380485] UDP hash table entries: 512 (order: 2, 16384 bytes)
May  6 23:31:54 solartree kernel: [    1.386470] UDP-Lite hash table entries: 512 (order: 2, 16384 bytes)
May  6 23:31:54 solartree kernel: [    1.393214] NET: Registered protocol family 1
May  6 23:31:54 solartree kernel: [    1.398258] RPC: Registered named UNIX socket transport module.
May  6 23:31:54 solartree kernel: [    1.404202] RPC: Registered udp transport module.
May  6 23:31:54 solartree kernel: [    1.408976] RPC: Registered tcp transport module.
May  6 23:31:54 solartree kernel: [    1.413694] RPC: Registered tcp NFSv4.1 backchannel transport module.
May  6 23:31:54 solartree kernel: [    1.421124] hw perfevents: enabled with armv7_cortex_a7 PMU driver, 5 counters available
May  6 23:31:54 solartree kernel: [    1.429540] bcm2708_dma: DMA manager at f3007000
May  6 23:31:54 solartree kernel: [    1.434333] vc-mem: phys_addr:0x00000000 mem_base=0x3dc00000 mem_size:0x3f000000(1008 MiB)
May  6 23:31:54 solartree kernel: [    1.444151] futex hash table entries: 1024 (order: 4, 65536 bytes)
May  6 23:31:54 solartree kernel: [    1.450675] audit: initializing netlink subsys (disabled)
May  6 23:31:54 solartree kernel: [    1.456146] audit: type=2000 audit(1.239:1): initialized
May  6 23:31:54 solartree kernel: [    1.477765] VFS: Disk quotas dquot_6.5.2
May  6 23:31:54 solartree kernel: [    1.482078] Dquot-cache hash table entries: 1024 (order 0, 4096 bytes)
May  6 23:31:54 solartree kernel: [    1.491631] FS-Cache: Netfs 'nfs' registered for caching
May  6 23:31:54 solartree kernel: [    1.498044] NFS: Registering the id_resolver key type
May  6 23:31:54 solartree kernel: [    1.503197] Key type id_resolver registered
May  6 23:31:54 solartree kernel: [    1.507392] Key type id_legacy registered
May  6 23:31:54 solartree kernel: [    1.512590] msgmni has been set to 1853
May  6 23:31:54 solartree kernel: [    1.518387] Block layer SCSI generic (bsg) driver version 0.4 loaded (major 252)
May  6 23:31:54 solartree kernel: [    1.525992] io scheduler noop registered
May  6 23:31:54 solartree kernel: [    1.529976] io scheduler deadline registered (default)
May  6 23:31:54 solartree kernel: [    1.535442] io scheduler cfq registered
May  6 23:31:54 solartree kernel: [    1.541906] BCM2708FB: allocated DMA memory fac00000
May  6 23:31:54 solartree kernel: [    1.546919] BCM2708FB: allocated DMA channel 0 @ f3007000
May  6 23:31:54 solartree kernel: [    1.569664] Console: switching to colour frame buffer device 160x50
May  6 23:31:54 solartree kernel: [    1.587297] bcm2708-dmaengine bcm2708-dmaengine: Load BCM2835 DMA engine driver
May  6 23:31:54 solartree kernel: [    1.595078] uart-pl011 dev:f1: no DMA platform data
May  6 23:31:54 solartree kernel: [    1.600588] vc-cma: Videocore CMA driver
May  6 23:31:54 solartree kernel: [    1.604592] vc-cma: vc_cma_base      = 0x00000000
May  6 23:31:54 solartree kernel: [    1.609412] vc-cma: vc_cma_size      = 0x00000000 (0 MiB)
May  6 23:31:54 solartree kernel: [    1.614910] vc-cma: vc_cma_initial   = 0x00000000 (0 MiB)
May  6 23:31:54 solartree kernel: [    1.632434] brd: module loaded
May  6 23:31:54 solartree kernel: [    1.641497] loop: module loaded
May  6 23:31:54 solartree kernel: [    1.645043] vchiq: vchiq_init_state: slot_zero = 0xba800000, is_master = 0
May  6 23:31:54 solartree kernel: [    1.652894] Loading iSCSI transport class v2.0-870.
May  6 23:31:54 solartree kernel: [    1.658905] usbcore: registered new interface driver smsc95xx
May  6 23:31:54 solartree kernel: [    1.664856] dwc_otg: version 3.00a 10-AUG-2012 (platform bus)
May  6 23:31:54 solartree kernel: [    1.871094] Core Release: 2.80a
May  6 23:31:54 solartree kernel: [    1.874310] Setting default values for core params
May  6 23:31:54 solartree kernel: [    1.879260] Finished setting default values for core params
May  6 23:31:54 solartree kernel: [    2.088857] Using Buffer DMA mode
May  6 23:31:54 solartree kernel: [    2.095699] Periodic Transfer Interrupt Enhancement - disabled
May  6 23:31:54 solartree kernel: [    2.105106] Multiprocessor Interrupt Enhancement - disabled
May  6 23:31:54 solartree kernel: [    2.114267] OTG VER PARAM: 0, OTG VER FLAG: 0
May  6 23:31:54 solartree kernel: [    2.122207] Dedicated Tx FIFOs mode
May  6 23:31:54 solartree kernel: [    2.129668] WARN::dwc_otg_hcd_init:1047: FIQ DMA bounce buffers: virt = 0xbac14000 dma = 0xfac14000 len=9024
May  6 23:31:54 solartree kernel: [    2.143325] FIQ FSM acceleration enabled for :
May  6 23:31:54 solartree kernel: [    2.143325] Non-periodic Split Transactions
May  6 23:31:54 solartree kernel: [    2.143325] Periodic Split Transactions
May  6 23:31:54 solartree kernel: [    2.143325] High-Speed Isochronous Endpoints
May  6 23:31:54 solartree kernel: [    2.174637] dwc_otg: Microframe scheduler enabled
May  6 23:31:54 solartree kernel: [    2.174712] WARN::hcd_init_fiq:412: FIQ on core 1 at 0x803d98b4
May  6 23:31:54 solartree kernel: [    2.184223] WARN::hcd_init_fiq:413: FIQ ASM at 0x803d9c10 length 36
May  6 23:31:54 solartree kernel: [    2.194031] WARN::hcd_init_fiq:438: MPHI regs_base at 0xbb80a000
May  6 23:31:54 solartree kernel: [    2.203556] dwc_otg bcm2708_usb: DWC OTG Controller
May  6 23:31:54 solartree kernel: [    2.212017] dwc_otg bcm2708_usb: new USB bus registered, assigned bus number 1
May  6 23:31:54 solartree kernel: [    2.222859] dwc_otg bcm2708_usb: irq 32, io mem 0x00000000
May  6 23:31:54 solartree kernel: [    2.231924] Init: Port Power? op_state=1
May  6 23:31:54 solartree kernel: [    2.239381] Init: Power Port (0)
May  6 23:31:54 solartree kernel: [    2.246314] usb usb1: New USB device found, idVendor=1d6b, idProduct=0002
May  6 23:31:54 solartree kernel: [    2.256646] usb usb1: New USB device strings: Mfr=3, Product=2, SerialNumber=1
May  6 23:31:54 solartree kernel: [    2.267433] usb usb1: Product: DWC OTG Controller
May  6 23:31:54 solartree kernel: [    2.275702] usb usb1: Manufacturer: Linux 3.18.11-v7+ dwc_otg_hcd
May  6 23:31:54 solartree kernel: [    2.285347] usb usb1: SerialNumber: bcm2708_usb
May  6 23:31:54 solartree kernel: [    2.294271] hub 1-0:1.0: USB hub found
May  6 23:31:54 solartree kernel: [    2.301629] hub 1-0:1.0: 1 port detected
May  6 23:31:54 solartree kernel: [    2.309512] dwc_otg: FIQ enabled
May  6 23:31:54 solartree kernel: [    2.309526] dwc_otg: NAK holdoff enabled
May  6 23:31:54 solartree kernel: [    2.309537] dwc_otg: FIQ split-transaction FSM enabled
May  6 23:31:54 solartree kernel: [    2.309577] Module dwc_common_port init
May  6 23:31:54 solartree kernel: [    2.309982] usbcore: registered new interface driver usb-storage
May  6 23:31:54 solartree kernel: [    2.319849] mousedev: PS/2 mouse device common for all mice
May  6 23:31:54 solartree kernel: [    2.329590] bcm2835-cpufreq: min=600000 max=900000
May  6 23:31:54 solartree kernel: [    2.338310] sdhci: Secure Digital Host Controller Interface driver
May  6 23:31:54 solartree kernel: [    2.348081] sdhci: Copyright(c) Pierre Ossman
May  6 23:31:54 solartree kernel: [    2.356145] DMA channels allocated for the MMC driver
May  6 23:31:54 solartree kernel: [    2.397746] Load BCM2835 MMC driver
May  6 23:31:54 solartree kernel: [    2.408370] sdhci-pltfm: SDHCI platform and OF driver helper
May  6 23:31:54 solartree kernel: [    2.420307] ledtrig-cpu: registered to indicate activity on CPUs
May  6 23:31:54 solartree kernel: [    2.430163] hidraw: raw HID events driver (C) Jiri Kosina
May  6 23:31:54 solartree kernel: [    2.439511] usbcore: registered new interface driver usbhid
May  6 23:31:54 solartree kernel: [    2.449794] usbhid: USB HID core driver
May  6 23:31:54 solartree kernel: [    2.458643] TCP: cubic registered
May  6 23:31:54 solartree kernel: [    2.466615] Initializing XFRM netlink socket
May  6 23:31:54 solartree kernel: [    2.474538] NET: Registered protocol family 17
May  6 23:31:54 solartree kernel: [    2.482771] Key type dns_resolver registered
May  6 23:31:54 solartree kernel: [    2.491049] Registering SWP/SWPB emulation handler
May  6 23:31:54 solartree kernel: [    2.500420] registered taskstats version 1
May  6 23:31:54 solartree kernel: [    2.508211] Indeed it is in host mode hprt0 = 00021501
May  6 23:31:54 solartree kernel: [    2.518142] vc-sm: Videocore shared memory driver
May  6 23:31:54 solartree kernel: [    2.526344] [vc_sm_connected_init]: start
May  6 23:31:54 solartree kernel: [    2.534641] [vc_sm_connected_init]: end - returning 0
May  6 23:31:54 solartree kernel: [    2.542095] mmc0: host does not support reading read-only switch, assuming write-enable
May  6 23:31:54 solartree kernel: [    2.544879] mmc0: new high speed SDHC card at address 0007
May  6 23:31:54 solartree kernel: [    2.545472] mmcblk0: mmc0:0007 SD8GB 7.42 GiB 
May  6 23:31:54 solartree kernel: [    2.551061]  mmcblk0: p1 p2 < p5 p6 > p3
May  6 23:31:54 solartree kernel: [    2.599738] EXT4-fs (mmcblk0p6): mounted filesystem with ordered data mode. Opts: (null)
May  6 23:31:54 solartree kernel: [    2.611447] VFS: Mounted root (ext4 filesystem) readonly on device 179:6.
May  6 23:31:54 solartree kernel: [    2.635420] devtmpfs: mounted
May  6 23:31:54 solartree kernel: [    2.642606] Freeing unused kernel memory: 384K (80754000 - 807b4000)
May  6 23:31:54 solartree kernel: [    2.687809] usb 1-1: new high-speed USB device number 2 using dwc_otg
May  6 23:31:54 solartree kernel: [    2.698158] Indeed it is in host mode hprt0 = 00001101
May  6 23:31:54 solartree kernel: [    2.898139] usb 1-1: New USB device found, idVendor=0424, idProduct=9514
May  6 23:31:54 solartree kernel: [    2.908662] usb 1-1: New USB device strings: Mfr=0, Product=0, SerialNumber=0
May  6 23:31:54 solartree kernel: [    2.920470] hub 1-1:1.0: USB hub found
May  6 23:31:54 solartree kernel: [    2.928115] hub 1-1:1.0: 5 ports detected
May  6 23:31:54 solartree kernel: [    3.208002] usb 1-1.1: new high-speed USB device number 3 using dwc_otg
May  6 23:31:54 solartree kernel: [    3.318206] usb 1-1.1: New USB device found, idVendor=0424, idProduct=ec00
May  6 23:31:54 solartree kernel: [    3.331352] usb 1-1.1: New USB device strings: Mfr=0, Product=0, SerialNumber=0
May  6 23:31:54 solartree kernel: [    3.347411] smsc95xx v1.0.4
May  6 23:31:54 solartree kernel: [    3.422536] smsc95xx 1-1.1:1.0 eth0: register 'smsc95xx' at usb-bcm2708_usb-1.1, smsc95xx USB 2.0 Ethernet, b8:27:eb:65:c6:4e
May  6 23:31:54 solartree kernel: [    3.518113] usb 1-1.3: new full-speed USB device number 4 using dwc_otg
May  6 23:31:54 solartree kernel: [    3.636913] usb 1-1.3: New USB device found, idVendor=046d, idProduct=c534
May  6 23:31:54 solartree kernel: [    3.648700] usb 1-1.3: New USB device strings: Mfr=1, Product=2, SerialNumber=0
May  6 23:31:54 solartree kernel: [    3.660182] usb 1-1.3: Product: USB Receiver
May  6 23:31:54 solartree kernel: [    3.668611] usb 1-1.3: Manufacturer: Logitech
May  6 23:31:54 solartree kernel: [    3.684753] input: Logitech USB Receiver as /devices/platform/bcm2708_usb/usb1/1-1/1-1.3/1-1.3:1.0/0003:046D:C534.0001/input/input0
May  6 23:31:54 solartree kernel: [    3.701298] hid-generic 0003:046D:C534.0001: input,hidraw0: USB HID v1.11 Keyboard [Logitech USB Receiver] on usb-bcm2708_usb-1.3/input0
May  6 23:31:54 solartree kernel: [    3.728210] input: Logitech USB Receiver as /devices/platform/bcm2708_usb/usb1/1-1/1-1.3/1-1.3:1.1/0003:046D:C534.0002/input/input1
May  6 23:31:54 solartree kernel: [    3.746403] hid-generic 0003:046D:C534.0002: input,hiddev0,hidraw1: USB HID v1.11 Mouse [Logitech USB Receiver] on usb-bcm2708_usb-1.3/input1
May  6 23:31:54 solartree kernel: [    3.857992] usb 1-1.5: new high-speed USB device number 5 using dwc_otg
May  6 23:31:54 solartree kernel: [    3.969663] usb 1-1.5: New USB device found, idVendor=7392, idProduct=7811
May  6 23:31:54 solartree kernel: [    3.982113] usb 1-1.5: New USB device strings: Mfr=1, Product=2, SerialNumber=3
May  6 23:31:54 solartree kernel: [    3.995621] usb 1-1.5: Product: 802.11n WLAN Adapter
May  6 23:31:54 solartree kernel: [    4.007282] usb 1-1.5: Manufacturer: Realtek
May  6 23:31:54 solartree kernel: [    4.016434] usb 1-1.5: SerialNumber: 00e04c000001
May  6 23:31:54 solartree kernel: [    4.530887] random: nonblocking pool is initialized
May  6 23:31:54 solartree kernel: [    4.682340] usbcore: registered new interface driver rtl8192cu
May  6 23:31:54 solartree kernel: [    6.529055] EXT4-fs (mmcblk0p6): re-mounted. Opts: (null)
May  6 23:31:54 solartree kernel: [    6.779710] EXT4-fs (mmcblk0p6): re-mounted. Opts: (null)
May  6 23:31:54 solartree kernel: [   12.023554] smsc95xx 1-1.1:1.0 eth0: hardware isn't capable of remote wakeup
May  6 23:31:54 solartree kernel: [   13.783051] cfg80211: Calling CRDA to update world regulatory domain
May  6 23:31:54 solartree dhcpcd[1946]: all: IPv6 kernel autoconf disabled
May  6 23:31:54 solartree dhcpcd[1946]: eth0: adding address fe80::9b40:8fc3:3674:15ae
May  6 23:31:54 solartree dhcpcd[1946]: if_addaddress6: Operation not supported
May  6 23:31:54 solartree dhcpcd[1946]: all: IPv6 kernel autoconf disabled
May  6 23:31:54 solartree dhcpcd[1946]: wlan0: adding address fe80::d369:f310:e38d:113c
May  6 23:31:54 solartree dhcpcd[1946]: if_addaddress6: Operation not supported
May  6 23:31:55 solartree /usr/sbin/cron[2150]: (CRON) INFO (pidfile fd = 3)
May  6 23:31:55 solartree ntpd[2143]: ntpd 4.2.6p5@1.2349-o Sun Apr 12 22:37:22 UTC 2015 (1)
May  6 23:31:55 solartree /usr/sbin/cron[2172]: (CRON) STARTUP (fork ok)
May  6 23:31:55 solartree /usr/sbin/cron[2172]: (CRON) INFO (Running @reboot jobs)
May  6 23:31:55 solartree ntpd[2171]: proto: precision = 1.250 usec
May  6 23:31:55 solartree ntpd[2171]: Listen and drop on 0 v4wildcard 0.0.0.0 UDP 123
May  6 23:31:55 solartree ntpd[2171]: Listen normally on 1 lo 127.0.0.1 UDP 123
May  6 23:31:55 solartree ntpd[2171]: peers refreshed
May  6 23:31:55 solartree ntpd[2171]: Listening on routing socket on fd #18 for interface updates
May  6 23:31:55 solartree ntpd[2171]: restrict: error in address '::' on line 38. Ignoring...
May  6 23:31:55 solartree ntpd[2171]: restrict: error in address '::1' on line 42. Ignoring...
May  6 23:31:55 solartree kernel: [   14.348872] Adding 102396k swap on /var/swap.  Priority:-1 extents:1 across:102396k SSFS
May  6 23:31:55 solartree ntpd[2171]: Deferring DNS for 0.debian.pool.ntp.org 1
May  6 23:31:55 solartree ntpd[2171]: Deferring DNS for 1.debian.pool.ntp.org 1
May  6 23:31:55 solartree ntpd[2171]: Deferring DNS for 2.debian.pool.ntp.org 1
May  6 23:31:55 solartree ntpd[2171]: Deferring DNS for 3.debian.pool.ntp.org 1
May  6 23:31:55 solartree ntpd[2196]: signal_no_reset: signal 17 had flags 4000000
May  6 23:31:55 solartree dhcpcd[1946]: no interfaces have a carrier
May  6 23:31:55 solartree dhcpcd[2231]: eth0: waiting for carrier
May  6 23:31:55 solartree dhcpcd[2231]: wlan0: waiting for carrier
May  6 23:31:55 solartree dhcpcd[1946]: forked to background, child pid 2231
May  6 23:31:55 solartree avahi-daemon[2286]: Found user 'avahi' (UID 103) and group 'avahi' (GID 105).
May  6 23:31:55 solartree avahi-daemon[2286]: Successfully dropped root privileges.
May  6 23:31:55 solartree avahi-daemon[2286]: avahi-daemon 0.6.31 starting up.
May  6 23:31:55 solartree avahi-daemon[2286]: Successfully called chroot().
May  6 23:31:55 solartree avahi-daemon[2286]: Successfully dropped remaining capabilities.
May  6 23:31:55 solartree avahi-daemon[2286]: Loading service file /services/udisks.service.
May  6 23:31:55 solartree avahi-daemon[2286]: socket() failed: Address family not supported by protocol
May  6 23:31:55 solartree avahi-daemon[2286]: Failed to create IPv6 socket, proceeding in IPv4 only mode
May  6 23:31:55 solartree avahi-daemon[2286]: socket() failed: Address family not supported by protocol
May  6 23:31:55 solartree avahi-daemon[2286]: Network interface enumeration completed.
May  6 23:31:55 solartree avahi-daemon[2286]: Registering HINFO record with values 'ARMV7L'/'LINUX'.
May  6 23:31:55 solartree avahi-daemon[2286]: Server startup complete. Host name is solartree.local. Local service cookie is 1716863200.
May  6 23:31:55 solartree avahi-daemon[2286]: Service "solartree" (/services/udisks.service) successfully established.
May  6 23:31:57 solartree ntpd_intres[2196]: host name not found EAI_NODATA: 0.debian.pool.ntp.org
May  6 23:31:57 solartree ntpd_intres[2196]: host name not found EAI_NODATA: 1.debian.pool.ntp.org
May  6 23:31:57 solartree ntpd_intres[2196]: host name not found EAI_NODATA: 2.debian.pool.ntp.org
May  6 23:31:57 solartree ntpd_intres[2196]: host name not found EAI_NODATA: 3.debian.pool.ntp.org
May  6 23:32:59 solartree ntpd_intres[2196]: host name not found EAI_NODATA: 0.debian.pool.ntp.org
May  6 23:32:59 solartree ntpd_intres[2196]: host name not found EAI_NODATA: 1.debian.pool.ntp.org
May  6 23:32:59 solartree ntpd_intres[2196]: host name not found EAI_NODATA: 2.debian.pool.ntp.org
May  6 23:32:59 solartree ntpd_intres[2196]: host name not found EAI_NODATA: 3.debian.pool.ntp.org
May  6 23:35:01 solartree ntpd_intres[2196]: host name not found EAI_NODATA: 0.debian.pool.ntp.org
May  6 23:35:01 solartree ntpd_intres[2196]: host name not found EAI_NODATA: 1.debian.pool.ntp.org
May  6 23:35:01 solartree ntpd_intres[2196]: host name not found EAI_NODATA: 2.debian.pool.ntp.org
May  6 23:35:01 solartree ntpd_intres[2196]: host name not found EAI_NODATA: 3.debian.pool.ntp.org
May  6 23:37:26 solartree dbus[2210]: [system] Activating service name='org.freedesktop.ConsoleKit' (using servicehelper)
May  6 23:37:26 solartree dbus[2210]: [system] Activating service name='org.freedesktop.PolicyKit1' (using servicehelper)
May  6 23:37:26 solartree polkitd[2459]: started daemon version 0.105 using authority implementation `local' version `0.105'
May  6 23:37:26 solartree dbus[2210]: [system] Successfully activated service 'org.freedesktop.PolicyKit1'
May  6 23:37:26 solartree dbus[2210]: [system] Successfully activated service 'org.freedesktop.ConsoleKit'
May  6 23:37:28 solartree dbus[2210]: [system] Activating service name='org.freedesktop.UDisks' (using servicehelper)
May  6 23:37:28 solartree dbus[2210]: [system] Successfully activated service 'org.freedesktop.UDisks'
May  6 23:37:42 solartree kernel: [  361.919353] EXT4-fs (mmcblk0p3): mounted filesystem with ordered data mode. Opts: (null)
May  6 23:39:03 solartree ntpd_intres[2196]: host name not found EAI_NODATA: 0.debian.pool.ntp.org
May  6 23:39:03 solartree ntpd_intres[2196]: host name not found EAI_NODATA: 1.debian.pool.ntp.org
May  6 23:39:03 solartree ntpd_intres[2196]: host name not found EAI_NODATA: 2.debian.pool.ntp.org
May  6 23:39:03 solartree ntpd_intres[2196]: host name not found EAI_NODATA: 3.debian.pool.ntp.org
May  6 23:40:08 solartree wpa_supplicant[1668]: wlan0: Trying to associate with 94:f6:65:3e:27:18 (SSID='Airwave-4-dzz4sw4wu0sy3' freq=2412 MHz)
May  6 23:40:08 solartree wpa_supplicant[1668]: wlan0: Association request to the driver failed
May  6 23:40:08 solartree wpa_supplicant[1668]: wlan0: Associated with 94:f6:65:3e:27:18
May  6 23:40:08 solartree wpa_supplicant[1668]: wlan0: CTRL-EVENT-CONNECTED - Connection to 94:f6:65:3e:27:18 completed (auth) [id=0 id_str=]
May  6 23:40:08 solartree dhcpcd[2231]: wlan0: carrier acquired
May  6 23:40:08 solartree dhcpcd[2231]: all: IPv6 kernel autoconf disabled
May  6 23:40:08 solartree dhcpcd[2231]: DUID 00:01:00:01:1c:dd:62:d8:74:da:38:5a:47:ea
May  6 23:40:08 solartree dhcpcd[2231]: wlan0: IAID 38:5a:47:ea
May  6 23:40:08 solartree dhcpcd[2231]: wlan0: soliciting a DHCP lease
May  6 23:40:09 solartree ifplugd(wlan0)[1557]: Link beat detected.
May  6 23:40:09 solartree ifplugd(wlan0)[1557]: Executing '/etc/ifplugd/ifplugd.action wlan0 up'.
May  6 23:40:09 solartree ifplugd(wlan0)[1557]: client: /sbin/ifup: interface wlan0 already configured
May  6 23:40:09 solartree ifplugd(wlan0)[1557]: Program executed successfully.
May  6 23:40:10 solartree dhcpcd[2231]: wlan0: offered 172.16.114.23 from 172.17.114.1
May  6 23:40:15 solartree dhcpcd[2231]: wlan0: leased 172.16.114.23 for 86400 seconds
May  6 23:40:15 solartree avahi-daemon[2286]: Joining mDNS multicast group on interface wlan0.IPv4 with address 172.16.114.23.
May  6 23:40:15 solartree avahi-daemon[2286]: New relevant interface wlan0.IPv4 for mDNS.
May  6 23:40:15 solartree avahi-daemon[2286]: Registering new address record for 172.16.114.23 on wlan0.IPv4.
May  6 23:40:15 solartree dhcpcd[2231]: wlan0: adding route to 172.16.114.0/24
May  6 23:40:15 solartree dhcpcd[2231]: wlan0: adding default route via 172.16.114.1
May  6 23:40:17 solartree ntpd[2171]: Listen normally on 2 wlan0 172.16.114.23 UDP 123
May  6 23:40:17 solartree ntpd[2171]: peers refreshed
May  6 23:40:19 solartree ntpd_intres[2196]: DNS 0.debian.pool.ntp.org -> 132.163.4.102
May  6 23:40:19 solartree ntpd_intres[2196]: DNS 1.debian.pool.ntp.org -> 162.243.63.11
May  6 23:40:19 solartree ntpd_intres[2196]: DNS 2.debian.pool.ntp.org -> 216.218.254.202
May  6 23:40:19 solartree ntpd_intres[2196]: DNS 3.debian.pool.ntp.org -> 129.250.35.251
Oct  2 21:17:01 solartree /USR/SBIN/CRON[4006]: (root) CMD (   cd / && run-parts --report /etc/cron.hourly)
Oct  2 22:17:01 solartree /USR/SBIN/CRON[4021]: (root) CMD (   cd / && run-parts --report /etc/cron.hourly)
Oct  2 23:17:01 solartree /USR/SBIN/CRON[4032]: (root) CMD (   cd / && run-parts --report /etc/cron.hourly)
Oct  3 00:17:01 solartree /USR/SBIN/CRON[4047]: (root) CMD (   cd / && run-parts --report /etc/cron.hourly)
Oct  3 01:17:01 solartree /USR/SBIN/CRON[4062]: (root) CMD (   cd / && run-parts --report /etc/cron.hourly)
Oct  3 02:17:01 solartree /USR/SBIN/CRON[4075]: (root) CMD (   cd / && run-parts --report /etc/cron.hourly)
Oct  3 02:17:11 solartree kernel: imklog 5.8.11, log source = /proc/kmsg started.
Oct  3 02:17:11 solartree rsyslogd: [origin software="rsyslogd" swVersion="5.8.11" x-pid="2047" x-info="http://www.rsyslog.com"] start
Oct  3 02:17:11 solartree kernel: [    0.000000] Booting Linux on physical CPU 0xf00
Oct  3 02:17:11 solartree kernel: [    0.000000] Initializing cgroup subsys cpu
Oct  3 02:17:11 solartree kernel: [    0.000000] Initializing cgroup subsys cpuacct
Oct  3 02:17:11 solartree kernel: [    0.000000] Linux version 3.18.11-v7+ (dc4@dc4-XPS13-9333) (gcc version 4.8.3 20140303 (prerelease) (crosstool-NG linaro-1.13.1+bzr2650 - Linaro GCC 2014.03) ) #781 SMP PREEMPT Tue Apr 21 18:07:59 BST 2015
Oct  3 02:17:11 solartree kernel: [    0.000000] CPU: ARMv7 Processor [410fc075] revision 5 (ARMv7), cr=10c5387d
Oct  3 02:17:11 solartree kernel: [    0.000000] CPU: PIPT / VIPT nonaliasing data cache, VIPT aliasing instruction cache
Oct  3 02:17:11 solartree kernel: [    0.000000] Machine model: Raspberry Pi 2 Model B
Oct  3 02:17:11 solartree kernel: [    0.000000] cma: Reserved 8 MiB at 0x3a800000
Oct  3 02:17:11 solartree kernel: [    0.000000] Memory policy: Data cache writealloc
Oct  3 02:17:11 solartree kernel: [    0.000000] On node 0 totalpages: 241664
Oct  3 02:17:11 solartree kernel: [    0.000000] free_area_init_node: node 0, pgdat 8080f480, node_mem_map ba093000
Oct  3 02:17:11 solartree kernel: [    0.000000]   Normal zone: 1888 pages used for memmap
Oct  3 02:17:11 solartree kernel: [    0.000000]   Normal zone: 0 pages reserved
Oct  3 02:17:11 solartree kernel: [    0.000000]   Normal zone: 241664 pages, LIFO batch:31
Oct  3 02:17:11 solartree kernel: [    0.000000] [bcm2709_smp_init_cpus] enter (8620->f3003010)
Oct  3 02:17:11 solartree kernel: [    0.000000] [bcm2709_smp_init_cpus] ncores=4
Oct  3 02:17:11 solartree kernel: [    0.000000] PERCPU: Embedded 10 pages/cpu @ba061000 s11456 r8192 d21312 u40960
Oct  3 02:17:11 solartree kernel: [    0.000000] pcpu-alloc: s11456 r8192 d21312 u40960 alloc=10*4096
Oct  3 02:17:11 solartree kernel: [    0.000000] pcpu-alloc: [0] 0 [0] 1 [0] 2 [0] 3 
Oct  3 02:17:11 solartree kernel: [    0.000000] Built 1 zonelists in Zone order, mobility grouping on.  Total pages: 239776
Oct  3 02:17:11 solartree kernel: [    0.000000] Kernel command line: dma.dmachans=0x7f35 bcm2708_fb.fbwidth=1280 bcm2708_fb.fbheight=800 bcm2709.boardrev=0xa21041 bcm2709.serial=0x3265c64e smsc95xx.macaddr=B8:27:EB:65:C6:4E bcm2708_fb.fbswap=1 bcm2709.disk_led_gpio=47 bcm2709.disk_led_active_low=0 sdhci-bcm2708.emmc_clock_freq=250000000 vc_mem.mem_base=0x3dc00000 vc_mem.mem_size=0x3f000000  dwc_otg.lpm_enable=0 console=ttyAMA0,115200 console=tty1 root=/dev/mmcblk0p6 rootfstype=ext4 elevator=deadline rootwait
Oct  3 02:17:11 solartree kernel: [    0.000000] PID hash table entries: 4096 (order: 2, 16384 bytes)
Oct  3 02:17:11 solartree kernel: [    0.000000] Dentry cache hash table entries: 131072 (order: 7, 524288 bytes)
Oct  3 02:17:11 solartree kernel: [    0.000000] Inode-cache hash table entries: 65536 (order: 6, 262144 bytes)
Oct  3 02:17:11 solartree kernel: [    0.000000] Memory: 940832K/966656K available (5722K kernel code, 397K rwdata, 1748K rodata, 384K init, 763K bss, 25824K reserved)
Oct  3 02:17:11 solartree kernel: [    0.000000] Virtual kernel memory layout:
Oct  3 02:17:11 solartree kernel: [    0.000000]     vector  : 0xffff0000 - 0xffff1000   (   4 kB)
Oct  3 02:17:11 solartree kernel: [    0.000000]     fixmap  : 0xffc00000 - 0xffe00000   (2048 kB)
Oct  3 02:17:11 solartree kernel: [    0.000000]     vmalloc : 0xbb800000 - 0xff000000   (1080 MB)
Oct  3 02:17:11 solartree kernel: [    0.000000]     lowmem  : 0x80000000 - 0xbb000000   ( 944 MB)
Oct  3 02:17:11 solartree kernel: [    0.000000]     modules : 0x7f000000 - 0x80000000   (  16 MB)
Oct  3 02:17:11 solartree kernel: [    0.000000]       .text : 0x80008000 - 0x80753a48   (7471 kB)
Oct  3 02:17:11 solartree kernel: [    0.000000]       .init : 0x80754000 - 0x807b4000   ( 384 kB)
Oct  3 02:17:11 solartree kernel: [    0.000000]       .data : 0x807b4000 - 0x808174bc   ( 398 kB)
Oct  3 02:17:11 solartree kernel: [    0.000000]        .bss : 0x808174bc - 0x808d6254   ( 764 kB)
Oct  3 02:17:11 solartree kernel: [    0.000000] SLUB: HWalign=64, Order=0-3, MinObjects=0, CPUs=4, Nodes=1
Oct  3 02:17:11 solartree kernel: [    0.000000] Preemptible hierarchical RCU implementation.
Oct  3 02:17:11 solartree kernel: [    0.000000] NR_IRQS:608
Oct  3 02:17:11 solartree kernel: [    0.000000] Architected cp15 timer(s) running at 19.20MHz (virt).
Oct  3 02:17:11 solartree kernel: [    0.000015] sched_clock: 56 bits at 19MHz, resolution 52ns, wraps every 3579139424256ns
Oct  3 02:17:11 solartree kernel: [    0.000039] Switching to timer-based delay loop, resolution 52ns
Oct  3 02:17:11 solartree kernel: [    0.000332] Console: colour dummy device 80x30
Oct  3 02:17:11 solartree kernel: [    0.001759] console [tty1] enabled
Oct  3 02:17:11 solartree kernel: [    0.001810] Calibrating delay loop (skipped), value calculated using timer frequency.. 38.40 BogoMIPS (lpj=192000)
Oct  3 02:17:11 solartree kernel: [    0.001892] pid_max: default: 32768 minimum: 301
Oct  3 02:17:11 solartree kernel: [    0.002299] Mount-cache hash table entries: 2048 (order: 1, 8192 bytes)
Oct  3 02:17:11 solartree kernel: [    0.002359] Mountpoint-cache hash table entries: 2048 (order: 1, 8192 bytes)
Oct  3 02:17:11 solartree kernel: [    0.003615] Initializing cgroup subsys memory
Oct  3 02:17:11 solartree kernel: [    0.003704] Initializing cgroup subsys devices
Oct  3 02:17:11 solartree kernel: [    0.003758] Initializing cgroup subsys freezer
Oct  3 02:17:11 solartree kernel: [    0.003807] Initializing cgroup subsys net_cls
Oct  3 02:17:11 solartree kernel: [    0.003868] Initializing cgroup subsys blkio
Oct  3 02:17:11 solartree kernel: [    0.003973] CPU: Testing write buffer coherency: ok
Oct  3 02:17:11 solartree kernel: [    0.004090] ftrace: allocating 19614 entries in 58 pages
Oct  3 02:17:11 solartree kernel: [    0.052639] CPU0: update cpu_capacity 1024
Oct  3 02:17:11 solartree kernel: [    0.052716] CPU0: thread -1, cpu 0, socket 15, mpidr 80000f00
Oct  3 02:17:11 solartree kernel: [    0.052757] [bcm2709_smp_prepare_cpus] enter
Oct  3 02:17:11 solartree kernel: [    0.052911] Setting up static identity map for 0x528478 - 0x5284ac
Oct  3 02:17:11 solartree kernel: [    0.112559] [bcm2709_boot_secondary] cpu:1 started (0) 17
Oct  3 02:17:11 solartree kernel: [    0.112869] CPU1: Booted secondary processor
Oct  3 02:17:11 solartree kernel: [    0.112877] [bcm2709_secondary_init] enter cpu:1
Oct  3 02:17:11 solartree kernel: [    0.112928] CPU1: update cpu_capacity 1024
Oct  3 02:17:11 solartree kernel: [    0.112937] CPU1: thread -1, cpu 1, socket 15, mpidr 80000f01
Oct  3 02:17:11 solartree kernel: [    0.132537] [bcm2709_boot_secondary] cpu:2 started (0) 18
Oct  3 02:17:11 solartree kernel: [    0.132791] CPU2: Booted secondary processor
Oct  3 02:17:11 solartree kernel: [    0.132798] [bcm2709_secondary_init] enter cpu:2
Oct  3 02:17:11 solartree kernel: [    0.132828] CPU2: update cpu_capacity 1024
Oct  3 02:17:11 solartree kernel: [    0.132837] CPU2: thread -1, cpu 2, socket 15, mpidr 80000f02
Oct  3 02:17:11 solartree kernel: [    0.152612] [bcm2709_boot_secondary] cpu:3 started (0) 17
Oct  3 02:17:11 solartree kernel: [    0.152852] CPU3: Booted secondary processor
Oct  3 02:17:11 solartree kernel: [    0.152859] [bcm2709_secondary_init] enter cpu:3
Oct  3 02:17:11 solartree kernel: [    0.152889] CPU3: update cpu_capacity 1024
Oct  3 02:17:11 solartree kernel: [    0.152897] CPU3: thread -1, cpu 3, socket 15, mpidr 80000f03
Oct  3 02:17:11 solartree kernel: [    0.152992] Brought up 4 CPUs
Oct  3 02:17:11 solartree kernel: [    0.153112] SMP: Total of 4 processors activated (153.60 BogoMIPS).
Oct  3 02:17:11 solartree kernel: [    0.153145] CPU: All CPU(s) started in SVC mode.
Oct  3 02:17:11 solartree kernel: [    0.154152] devtmpfs: initialized
Oct  3 02:17:11 solartree kernel: [    0.178993] VFP support v0.3: implementor 41 architecture 2 part 30 variant 7 rev 5
Oct  3 02:17:11 solartree kernel: [    0.180960] pinctrl core: initialized pinctrl subsystem
Oct  3 02:17:11 solartree kernel: [    0.184077] NET: Registered protocol family 16
Oct  3 02:17:11 solartree kernel: [    0.189704] DMA: preallocated 4096 KiB pool for atomic coherent allocations
Oct  3 02:17:11 solartree kernel: [    0.190876] bcm2709.uart_clock = 3000000
Oct  3 02:17:11 solartree kernel: [    0.193651] hw-breakpoint: found 5 (+1 reserved) breakpoint and 4 watchpoint registers.
Oct  3 02:17:11 solartree kernel: [    0.193705] hw-breakpoint: maximum watchpoint size is 8 bytes.
Oct  3 02:17:11 solartree kernel: [    0.193759] mailbox: Broadcom VideoCore Mailbox driver
Oct  3 02:17:11 solartree kernel: [    0.193891] bcm2708_vcio: mailbox at f300b880
Oct  3 02:17:11 solartree kernel: [    0.194250] bcm_power: Broadcom power driver
Oct  3 02:17:11 solartree kernel: [    0.194291] bcm_power_open() -> 0
Oct  3 02:17:11 solartree kernel: [    0.194319] bcm_power_request(0, 8)
Oct  3 02:17:11 solartree kernel: [    0.694997] bcm_mailbox_read -> 00000080, 0
Oct  3 02:17:11 solartree kernel: [    0.695030] bcm_power_request -> 0
Oct  3 02:17:11 solartree kernel: [    0.695172] Serial: AMBA PL011 UART driver
Oct  3 02:17:11 solartree kernel: [    0.695317] dev:f1: ttyAMA0 at MMIO 0x3f201000 (irq = 83, base_baud = 0) is a PL011 rev3
Oct  3 02:17:11 solartree kernel: [    1.203593] console [ttyAMA0] enabled
Oct  3 02:17:11 solartree kernel: [    1.275795] SCSI subsystem initialized
Oct  3 02:17:11 solartree kernel: [    1.279805] usbcore: registered new interface driver usbfs
Oct  3 02:17:11 solartree kernel: [    1.285477] usbcore: registered new interface driver hub
Oct  3 02:17:11 solartree kernel: [    1.290945] usbcore: registered new device driver usb
Oct  3 02:17:11 solartree kernel: [    1.297864] Switched to clocksource arch_sys_counter
Oct  3 02:17:11 solartree kernel: [    1.333502] FS-Cache: Loaded
Oct  3 02:17:11 solartree kernel: [    1.336732] CacheFiles: Loaded
Oct  3 02:17:11 solartree kernel: [    1.351274] NET: Registered protocol family 2
Oct  3 02:17:11 solartree kernel: [    1.356920] TCP established hash table entries: 8192 (order: 3, 32768 bytes)
Oct  3 02:17:11 solartree kernel: [    1.364175] TCP bind hash table entries: 8192 (order: 4, 65536 bytes)
Oct  3 02:17:11 solartree kernel: [    1.370877] TCP: Hash tables configured (established 8192 bind 8192)
Oct  3 02:17:11 solartree kernel: [    1.377349] TCP: reno registered
Oct  3 02:17:11 solartree kernel: [    1.380625] UDP hash table entries: 512 (order: 2, 16384 bytes)
Oct  3 02:17:11 solartree kernel: [    1.386610] UDP-Lite hash table entries: 512 (order: 2, 16384 bytes)
Oct  3 02:17:11 solartree kernel: [    1.393341] NET: Registered protocol family 1
Oct  3 02:17:11 solartree kernel: [    1.398398] RPC: Registered named UNIX socket transport module.
Oct  3 02:17:11 solartree kernel: [    1.404341] RPC: Registered udp transport module.
Oct  3 02:17:11 solartree kernel: [    1.409110] RPC: Registered tcp transport module.
Oct  3 02:17:11 solartree kernel: [    1.413829] RPC: Registered tcp NFSv4.1 backchannel transport module.
Oct  3 02:17:11 solartree kernel: [    1.421251] hw perfevents: enabled with armv7_cortex_a7 PMU driver, 5 counters available
Oct  3 02:17:11 solartree kernel: [    1.429662] bcm2708_dma: DMA manager at f3007000
Oct  3 02:17:11 solartree kernel: [    1.434457] vc-mem: phys_addr:0x00000000 mem_base=0x3dc00000 mem_size:0x3f000000(1008 MiB)
Oct  3 02:17:11 solartree kernel: [    1.444271] futex hash table entries: 1024 (order: 4, 65536 bytes)
Oct  3 02:17:11 solartree kernel: [    1.450793] audit: initializing netlink subsys (disabled)
Oct  3 02:17:11 solartree kernel: [    1.456264] audit: type=2000 audit(1.239:1): initialized
Oct  3 02:17:11 solartree kernel: [    1.477950] VFS: Disk quotas dquot_6.5.2
Oct  3 02:17:11 solartree kernel: [    1.482264] Dquot-cache hash table entries: 1024 (order 0, 4096 bytes)
Oct  3 02:17:11 solartree kernel: [    1.491816] FS-Cache: Netfs 'nfs' registered for caching
Oct  3 02:17:11 solartree kernel: [    1.498234] NFS: Registering the id_resolver key type
Oct  3 02:17:11 solartree kernel: [    1.503373] Key type id_resolver registered
Oct  3 02:17:11 solartree kernel: [    1.507568] Key type id_legacy registered
Oct  3 02:17:11 solartree kernel: [    1.512759] msgmni has been set to 1853
Oct  3 02:17:11 solartree kernel: [    1.518531] Block layer SCSI generic (bsg) driver version 0.4 loaded (major 252)
Oct  3 02:17:11 solartree kernel: [    1.526136] io scheduler noop registered
Oct  3 02:17:11 solartree kernel: [    1.530116] io scheduler deadline registered (default)
Oct  3 02:17:11 solartree kernel: [    1.535585] io scheduler cfq registered
Oct  3 02:17:11 solartree kernel: [    1.542042] BCM2708FB: allocated DMA memory fac00000
Oct  3 02:17:11 solartree kernel: [    1.547055] BCM2708FB: allocated DMA channel 0 @ f3007000
Oct  3 02:17:11 solartree kernel: [    1.569805] Console: switching to colour frame buffer device 160x50
Oct  3 02:17:11 solartree kernel: [    1.587445] bcm2708-dmaengine bcm2708-dmaengine: Load BCM2835 DMA engine driver
Oct  3 02:17:11 solartree kernel: [    1.595222] uart-pl011 dev:f1: no DMA platform data
Oct  3 02:17:11 solartree kernel: [    1.600730] vc-cma: Videocore CMA driver
Oct  3 02:17:11 solartree kernel: [    1.604735] vc-cma: vc_cma_base      = 0x00000000
Oct  3 02:17:11 solartree kernel: [    1.609554] vc-cma: vc_cma_size      = 0x00000000 (0 MiB)
Oct  3 02:17:11 solartree kernel: [    1.615052] vc-cma: vc_cma_initial   = 0x00000000 (0 MiB)
Oct  3 02:17:11 solartree kernel: [    1.632600] brd: module loaded
Oct  3 02:17:11 solartree kernel: [    1.641687] loop: module loaded
Oct  3 02:17:11 solartree kernel: [    1.645235] vchiq: vchiq_init_state: slot_zero = 0xba800000, is_master = 0
Oct  3 02:17:11 solartree kernel: [    1.653091] Loading iSCSI transport class v2.0-870.
Oct  3 02:17:11 solartree kernel: [    1.659101] usbcore: registered new interface driver smsc95xx
Oct  3 02:17:11 solartree kernel: [    1.665056] dwc_otg: version 3.00a 10-AUG-2012 (platform bus)
Oct  3 02:17:11 solartree kernel: [    1.871298] Core Release: 2.80a
Oct  3 02:17:11 solartree kernel: [    1.874517] Setting default values for core params
Oct  3 02:17:11 solartree kernel: [    1.879469] Finished setting default values for core params
Oct  3 02:17:11 solartree kernel: [    2.089062] Using Buffer DMA mode
Oct  3 02:17:11 solartree kernel: [    2.095907] Periodic Transfer Interrupt Enhancement - disabled
Oct  3 02:17:11 solartree kernel: [    2.105315] Multiprocessor Interrupt Enhancement - disabled
Oct  3 02:17:11 solartree kernel: [    2.114472] OTG VER PARAM: 0, OTG VER FLAG: 0
Oct  3 02:17:11 solartree kernel: [    2.122419] Dedicated Tx FIFOs mode
Oct  3 02:17:11 solartree kernel: [    2.129889] WARN::dwc_otg_hcd_init:1047: FIQ DMA bounce buffers: virt = 0xbac14000 dma = 0xfac14000 len=9024
Oct  3 02:17:11 solartree kernel: [    2.143544] FIQ FSM acceleration enabled for :
Oct  3 02:17:11 solartree kernel: [    2.143544] Non-periodic Split Transactions
Oct  3 02:17:11 solartree kernel: [    2.143544] Periodic Split Transactions
Oct  3 02:17:11 solartree kernel: [    2.143544] High-Speed Isochronous Endpoints
Oct  3 02:17:11 solartree kernel: [    2.174834] dwc_otg: Microframe scheduler enabled
Oct  3 02:17:11 solartree kernel: [    2.174911] WARN::hcd_init_fiq:412: FIQ on core 1 at 0x803d98b4
Oct  3 02:17:11 solartree kernel: [    2.184421] WARN::hcd_init_fiq:413: FIQ ASM at 0x803d9c10 length 36
Oct  3 02:17:11 solartree kernel: [    2.194227] WARN::hcd_init_fiq:438: MPHI regs_base at 0xbb80a000
Oct  3 02:17:11 solartree kernel: [    2.203745] dwc_otg bcm2708_usb: DWC OTG Controller
Oct  3 02:17:11 solartree kernel: [    2.212203] dwc_otg bcm2708_usb: new USB bus registered, assigned bus number 1
Oct  3 02:17:11 solartree kernel: [    2.223043] dwc_otg bcm2708_usb: irq 32, io mem 0x00000000
Oct  3 02:17:11 solartree kernel: [    2.232098] Init: Port Power? op_state=1
Oct  3 02:17:11 solartree kernel: [    2.239553] Init: Power Port (0)
Oct  3 02:17:11 solartree kernel: [    2.246487] usb usb1: New USB device found, idVendor=1d6b, idProduct=0002
Oct  3 02:17:11 solartree kernel: [    2.256816] usb usb1: New USB device strings: Mfr=3, Product=2, SerialNumber=1
Oct  3 02:17:11 solartree kernel: [    2.267600] usb usb1: Product: DWC OTG Controller
Oct  3 02:17:11 solartree kernel: [    2.275860] usb usb1: Manufacturer: Linux 3.18.11-v7+ dwc_otg_hcd
Oct  3 02:17:11 solartree kernel: [    2.285501] usb usb1: SerialNumber: bcm2708_usb
Oct  3 02:17:11 solartree kernel: [    2.294415] hub 1-0:1.0: USB hub found
Oct  3 02:17:11 solartree kernel: [    2.301759] hub 1-0:1.0: 1 port detected
Oct  3 02:17:11 solartree kernel: [    2.309643] dwc_otg: FIQ enabled
Oct  3 02:17:11 solartree kernel: [    2.309658] dwc_otg: NAK holdoff enabled
Oct  3 02:17:11 solartree kernel: [    2.309669] dwc_otg: FIQ split-transaction FSM enabled
Oct  3 02:17:11 solartree kernel: [    2.309709] Module dwc_common_port init
Oct  3 02:17:11 solartree kernel: [    2.310110] usbcore: registered new interface driver usb-storage
Oct  3 02:17:11 solartree kernel: [    2.319980] mousedev: PS/2 mouse device common for all mice
Oct  3 02:17:11 solartree kernel: [    2.329718] bcm2835-cpufreq: min=600000 max=900000
Oct  3 02:17:11 solartree kernel: [    2.338431] sdhci: Secure Digital Host Controller Interface driver
Oct  3 02:17:11 solartree kernel: [    2.348183] sdhci: Copyright(c) Pierre Ossman
Oct  3 02:17:11 solartree kernel: [    2.356263] DMA channels allocated for the MMC driver
Oct  3 02:17:11 solartree kernel: [    2.397910] Load BCM2835 MMC driver
Oct  3 02:17:11 solartree kernel: [    2.408523] sdhci-pltfm: SDHCI platform and OF driver helper
Oct  3 02:17:11 solartree kernel: [    2.420436] ledtrig-cpu: registered to indicate activity on CPUs
Oct  3 02:17:11 solartree kernel: [    2.430292] hidraw: raw HID events driver (C) Jiri Kosina
Oct  3 02:17:11 solartree kernel: [    2.439651] usbcore: registered new interface driver usbhid
Oct  3 02:17:11 solartree kernel: [    2.449933] usbhid: USB HID core driver
Oct  3 02:17:11 solartree kernel: [    2.458780] TCP: cubic registered
Oct  3 02:17:11 solartree kernel: [    2.468805] Initializing XFRM netlink socket
Oct  3 02:17:11 solartree kernel: [    2.476674] NET: Registered protocol family 17
Oct  3 02:17:11 solartree kernel: [    2.484923] Key type dns_resolver registered
Oct  3 02:17:11 solartree kernel: [    2.493195] Registering SWP/SWPB emulation handler
Oct  3 02:17:11 solartree kernel: [    2.502555] registered taskstats version 1
Oct  3 02:17:11 solartree kernel: [    2.510346] Indeed it is in host mode hprt0 = 00021501
Oct  3 02:17:11 solartree kernel: [    2.519387] vc-sm: Videocore shared memory driver
Oct  3 02:17:11 solartree kernel: [    2.527581] [vc_sm_connected_init]: start
Oct  3 02:17:11 solartree kernel: [    2.535868] [vc_sm_connected_init]: end - returning 0
Oct  3 02:17:11 solartree kernel: [    2.543321] mmc0: host does not support reading read-only switch, assuming write-enable
Oct  3 02:17:11 solartree kernel: [    2.546104] mmc0: new high speed SDHC card at address 0007
Oct  3 02:17:11 solartree kernel: [    2.546696] mmcblk0: mmc0:0007 SD8GB 7.42 GiB 
Oct  3 02:17:11 solartree kernel: [    2.552280]  mmcblk0: p1 p2 < p5 p6 > p3
Oct  3 02:17:11 solartree kernel: [    2.584996] EXT4-fs (mmcblk0p6): INFO: recovery required on readonly filesystem
Oct  3 02:17:11 solartree kernel: [    2.595881] EXT4-fs (mmcblk0p6): write access will be enabled during recovery
Oct  3 02:17:11 solartree kernel: [    2.697964] usb 1-1: new high-speed USB device number 2 using dwc_otg
Oct  3 02:17:11 solartree kernel: [    2.708186] Indeed it is in host mode hprt0 = 00001101
Oct  3 02:17:11 solartree kernel: [    2.908279] usb 1-1: New USB device found, idVendor=0424, idProduct=9514
Oct  3 02:17:11 solartree kernel: [    2.918651] usb 1-1: New USB device strings: Mfr=0, Product=0, SerialNumber=0
Oct  3 02:17:11 solartree kernel: [    2.930283] hub 1-1:1.0: USB hub found
Oct  3 02:17:11 solartree kernel: [    2.937751] hub 1-1:1.0: 5 ports detected
Oct  3 02:17:11 solartree kernel: [    3.218024] usb 1-1.1: new high-speed USB device number 3 using dwc_otg
Oct  3 02:17:11 solartree kernel: [    3.328269] usb 1-1.1: New USB device found, idVendor=0424, idProduct=ec00
Oct  3 02:17:11 solartree kernel: [    3.338798] usb 1-1.1: New USB device strings: Mfr=0, Product=0, SerialNumber=0
Oct  3 02:17:11 solartree kernel: [    3.352652] smsc95xx v1.0.4
Oct  3 02:17:11 solartree kernel: [    3.422107] smsc95xx 1-1.1:1.0 eth0: register 'smsc95xx' at usb-bcm2708_usb-1.1, smsc95xx USB 2.0 Ethernet, b8:27:eb:65:c6:4e
Oct  3 02:17:11 solartree kernel: [    3.528026] usb 1-1.3: new full-speed USB device number 4 using dwc_otg
Oct  3 02:17:11 solartree kernel: [    3.644236] usb 1-1.3: New USB device found, idVendor=046d, idProduct=c534
Oct  3 02:17:11 solartree kernel: [    3.654973] usb 1-1.3: New USB device strings: Mfr=1, Product=2, SerialNumber=0
Oct  3 02:17:11 solartree kernel: [    3.666108] usb 1-1.3: Product: USB Receiver
Oct  3 02:17:11 solartree kernel: [    3.674200] usb 1-1.3: Manufacturer: Logitech
Oct  3 02:17:11 solartree kernel: [    3.691158] input: Logitech USB Receiver as /devices/platform/bcm2708_usb/usb1/1-1/1-1.3/1-1.3:1.0/0003:046D:C534.0001/input/input0
Oct  3 02:17:11 solartree kernel: [    3.707448] hid-generic 0003:046D:C534.0001: input,hidraw0: USB HID v1.11 Keyboard [Logitech USB Receiver] on usb-bcm2708_usb-1.3/input0
Oct  3 02:17:11 solartree kernel: [    3.733375] input: Logitech USB Receiver as /devices/platform/bcm2708_usb/usb1/1-1/1-1.3/1-1.3:1.1/0003:046D:C534.0002/input/input1
Oct  3 02:17:11 solartree kernel: [    3.750271] hid-generic 0003:046D:C534.0002: input,hiddev0,hidraw1: USB HID v1.11 Mouse [Logitech USB Receiver] on usb-bcm2708_usb-1.3/input1
Oct  3 02:17:11 solartree kernel: [    3.848019] usb 1-1.5: new high-speed USB device number 5 using dwc_otg
Oct  3 02:17:11 solartree kernel: [    3.959481] usb 1-1.5: New USB device found, idVendor=7392, idProduct=7811
Oct  3 02:17:11 solartree kernel: [    3.970748] usb 1-1.5: New USB device strings: Mfr=1, Product=2, SerialNumber=3
Oct  3 02:17:11 solartree kernel: [    3.982430] usb 1-1.5: Product: 802.11n WLAN Adapter
Oct  3 02:17:11 solartree kernel: [    3.991723] usb 1-1.5: Manufacturer: Realtek
Oct  3 02:17:11 solartree kernel: [    4.000275] usb 1-1.5: SerialNumber: 00e04c000001
Oct  3 02:17:11 solartree kernel: [    5.076355] random: nonblocking pool is initialized
Oct  3 02:17:11 solartree kernel: [   16.178201] EXT4-fs (mmcblk0p6): orphan cleanup on readonly fs
Oct  3 02:17:11 solartree kernel: [   16.189834] EXT4-fs (mmcblk0p6): 10 orphan inodes deleted
Oct  3 02:17:11 solartree kernel: [   16.199562] EXT4-fs (mmcblk0p6): recovery complete
Oct  3 02:17:11 solartree kernel: [   17.107167] EXT4-fs (mmcblk0p6): mounted filesystem with ordered data mode. Opts: (null)
Oct  3 02:17:11 solartree kernel: [   17.119683] VFS: Mounted root (ext4 filesystem) readonly on device 179:6.
Oct  3 02:17:11 solartree kernel: [   17.139670] devtmpfs: mounted
Oct  3 02:17:11 solartree kernel: [   17.147755] Freeing unused kernel memory: 384K (80754000 - 807b4000)
Oct  3 02:17:11 solartree kernel: [   19.179521] usbcore: registered new interface driver rtl8192cu
Oct  3 02:17:11 solartree kernel: [   20.829103] EXT4-fs (mmcblk0p6): re-mounted. Opts: (null)
Oct  3 02:17:11 solartree kernel: [   21.080179] EXT4-fs (mmcblk0p6): re-mounted. Opts: (null)
Oct  3 02:17:11 solartree kernel: [   27.213833] smsc95xx 1-1.1:1.0 eth0: hardware isn't capable of remote wakeup
Oct  3 02:17:11 solartree kernel: [   30.295203] cfg80211: Calling CRDA to update world regulatory domain
Oct  3 02:17:11 solartree dhcpcd[2006]: all: IPv6 kernel autoconf disabled
Oct  3 02:17:11 solartree dhcpcd[2006]: eth0: adding address fe80::9b40:8fc3:3674:15ae
Oct  3 02:17:11 solartree dhcpcd[2006]: if_addaddress6: Operation not supported
Oct  3 02:17:11 solartree dhcpcd[2006]: all: IPv6 kernel autoconf disabled
Oct  3 02:17:11 solartree dhcpcd[2006]: wlan0: adding address fe80::3b7b:f23d:4edf:885f
Oct  3 02:17:11 solartree dhcpcd[2006]: if_addaddress6: Operation not supported
Oct  3 02:17:12 solartree dhcpcd[2006]: eth0: waiting for carrier
Oct  3 02:17:12 solartree dhcpcd[2006]: DUID 00:01:00:01:1c:dd:62:d8:74:da:38:5a:47:ea
Oct  3 02:17:12 solartree dhcpcd[2006]: wlan0: IAID 38:5a:47:ea
Oct  3 02:17:13 solartree dhcpcd[2006]: wlan0: soliciting a DHCP lease
Oct  3 02:17:14 solartree dhcpcd[2006]: wlan0: offered 172.16.114.23 from 172.17.114.1
Oct  3 02:17:19 solartree dhcpcd[2006]: wlan0: leased 172.16.114.23 for 86400 seconds
Oct  3 02:17:19 solartree dhcpcd[2006]: wlan0: adding route to 172.16.114.0/24
Oct  3 02:17:19 solartree dhcpcd[2006]: wlan0: adding default route via 172.16.114.1
Oct  3 02:17:19 solartree dhcpcd[2006]: forked to background, child pid 2201
Oct  3 02:17:21 solartree /usr/sbin/cron[2362]: (CRON) INFO (pidfile fd = 3)
Oct  3 02:17:21 solartree /usr/sbin/cron[2363]: (CRON) STARTUP (fork ok)
Oct  3 02:17:21 solartree ntpd[2356]: ntpd 4.2.6p5@1.2349-o Sun Apr 12 22:37:22 UTC 2015 (1)
Oct  3 02:17:21 solartree /usr/sbin/cron[2363]: (CRON) INFO (Running @reboot jobs)
Oct  3 02:17:21 solartree ntpd[2367]: proto: precision = 1.250 usec
Oct  3 02:17:21 solartree ntpd[2367]: Listen and drop on 0 v4wildcard 0.0.0.0 UDP 123
Oct  3 02:17:21 solartree ntpd[2367]: Listen normally on 1 lo 127.0.0.1 UDP 123
Oct  3 02:17:21 solartree kernel: [   39.635576] Adding 102396k swap on /var/swap.  Priority:-1 extents:1 across:102396k SSFS
Oct  3 02:17:21 solartree ntpd[2367]: Listen normally on 2 wlan0 172.16.114.23 UDP 123
Oct  3 02:17:21 solartree ntpd[2367]: peers refreshed
Oct  3 02:17:21 solartree ntpd[2367]: Listening on routing socket on fd #19 for interface updates
Oct  3 02:17:21 solartree ntpd[2367]: restrict: error in address '::' on line 38. Ignoring...
Oct  3 02:17:21 solartree ntpd[2367]: restrict: error in address '::1' on line 42. Ignoring...
Oct  3 02:17:21 solartree avahi-daemon[2459]: Found user 'avahi' (UID 103) and group 'avahi' (GID 105).
Oct  3 02:17:21 solartree avahi-daemon[2459]: Successfully dropped root privileges.
Oct  3 02:17:21 solartree avahi-daemon[2459]: avahi-daemon 0.6.31 starting up.
Oct  3 02:17:21 solartree avahi-daemon[2459]: Successfully called chroot().
Oct  3 02:17:21 solartree avahi-daemon[2459]: Successfully dropped remaining capabilities.
Oct  3 02:17:21 solartree avahi-daemon[2459]: Loading service file /services/udisks.service.
Oct  3 02:17:21 solartree avahi-daemon[2459]: socket() failed: Address family not supported by protocol
Oct  3 02:17:21 solartree avahi-daemon[2459]: Failed to create IPv6 socket, proceeding in IPv4 only mode
Oct  3 02:17:21 solartree avahi-daemon[2459]: socket() failed: Address family not supported by protocol
Oct  3 02:17:21 solartree avahi-daemon[2459]: Joining mDNS multicast group on interface wlan0.IPv4 with address 172.16.114.23.
Oct  3 02:17:21 solartree avahi-daemon[2459]: New relevant interface wlan0.IPv4 for mDNS.
Oct  3 02:17:21 solartree avahi-daemon[2459]: Network interface enumeration completed.
Oct  3 02:17:21 solartree avahi-daemon[2459]: Registering new address record for 172.16.114.23 on wlan0.IPv4.
Oct  3 02:17:21 solartree avahi-daemon[2459]: Registering HINFO record with values 'ARMV7L'/'LINUX'.
Oct  3 02:17:22 solartree avahi-daemon[2459]: Server startup complete. Host name is solartree.local. Local service cookie is 2637565509.
Oct  3 02:17:22 solartree avahi-daemon[2459]: Service "solartree" (/services/udisks.service) successfully established.
Oct  4 17:41:26 solartree dbus[2393]: [system] Activating service name='org.freedesktop.ConsoleKit' (using servicehelper)
Oct  4 17:41:26 solartree dbus[2393]: [system] Activating service name='org.freedesktop.PolicyKit1' (using servicehelper)
Oct  4 17:41:26 solartree polkitd[3494]: started daemon version 0.105 using authority implementation `local' version `0.105'
Oct  4 17:41:26 solartree dbus[2393]: [system] Successfully activated service 'org.freedesktop.PolicyKit1'
Oct  4 17:41:26 solartree dbus[2393]: [system] Successfully activated service 'org.freedesktop.ConsoleKit'
Oct  4 17:41:28 solartree dbus[2393]: [system] Activating service name='org.freedesktop.UDisks' (using servicehelper)
Oct  4 17:41:28 solartree kernel: [ 1004.566287] fuse init (API version 7.23)
Oct  4 17:41:28 solartree dbus[2393]: [system] Successfully activated service 'org.freedesktop.UDisks'
Oct  4 17:41:48 solartree kernel: [ 1024.575722] EXT4-fs (mmcblk0p3): recovery complete
Oct  4 17:41:48 solartree kernel: [ 1024.582304] EXT4-fs (mmcblk0p3): mounted filesystem with ordered data mode. Opts: (null)
Oct  4 18:17:01 solartree /USR/SBIN/CRON[4619]: (root) CMD (   cd / && run-parts --report /etc/cron.hourly)
Oct  4 18:59:53 solartree mysqld_safe[12260]: 151004 18:59:53 [Warning] Using unique option prefix key_buffer instead of key_buffer_size is deprecated and will be removed in a future release. Please use the full name instead.
Oct  4 18:59:53 solartree mysqld_safe[12260]: 151004 18:59:53 [Note] /usr/sbin/mysqld (mysqld 5.5.44-0+deb7u1) starting as process 12280 ...
Oct  4 18:59:54 solartree mysqld_safe[12260]: 151004 18:59:54 [Warning] Using unique option prefix key_buffer instead of key_buffer_size is deprecated and will be removed in a future release. Please use the full name instead.
Oct  4 18:59:54 solartree mysqld_safe[12260]: 151004 18:59:54 [Note] /usr/sbin/mysqld (mysqld 5.5.44-0+deb7u1) starting as process 12287 ...
Oct  4 18:59:55 solartree mysqld_safe[12260]: 
Oct  4 18:59:55 solartree mysqld_safe[12260]: PLEASE REMEMBER TO SET A PASSWORD FOR THE MySQL root USER !
Oct  4 18:59:55 solartree mysqld_safe[12260]: To do so, start the server, then issue the following commands:
Oct  4 18:59:55 solartree mysqld_safe[12260]: 
Oct  4 18:59:55 solartree mysqld_safe[12260]: /usr/bin/mysqladmin -u root password 'new-password'
Oct  4 18:59:55 solartree mysqld_safe[12260]: /usr/bin/mysqladmin -u root -h solartree password 'new-password'
Oct  4 18:59:55 solartree mysqld_safe[12260]: 
Oct  4 18:59:55 solartree mysqld_safe[12260]: Alternatively you can run:
Oct  4 18:59:55 solartree mysqld_safe[12260]: /usr/bin/mysql_secure_installation
Oct  4 18:59:55 solartree mysqld_safe[12260]: 
Oct  4 18:59:55 solartree mysqld_safe[12260]: which will also give you the option of removing the test
Oct  4 18:59:55 solartree mysqld_safe[12260]: databases and anonymous user created by default.  This is
Oct  4 18:59:55 solartree mysqld_safe[12260]: strongly recommended for production servers.
Oct  4 18:59:55 solartree mysqld_safe[12260]: 
Oct  4 18:59:55 solartree mysqld_safe[12260]: See the manual for more instructions.
Oct  4 18:59:55 solartree mysqld_safe[12260]: 
Oct  4 18:59:55 solartree mysqld_safe[12260]: Please report any problems at http://bugs.mysql.com/
Oct  4 18:59:55 solartree mysqld_safe[12260]: 
Oct  4 18:59:55 solartree mysqld_safe[12304]: 151004 18:59:55 [Warning] Using unique option prefix key_buffer instead of key_buffer_size is deprecated and will be removed in a future release. Please use the full name instead.
Oct  4 18:59:55 solartree mysqld_safe[12304]: 151004 18:59:55 [Note] /usr/sbin/mysqld (mysqld 5.5.44-0+deb7u1) starting as process 12303 ...
Oct  4 18:59:55 solartree mysqld_safe[12304]: 151004 18:59:55 [Warning] Using unique option prefix myisam-recover instead of myisam-recover-options is deprecated and will be removed in a future release. Please use the full name instead.
Oct  4 18:59:55 solartree mysqld_safe[12304]: 151004 18:59:55 [Note] Plugin 'FEDERATED' is disabled.
Oct  4 18:59:55 solartree mysqld_safe[12304]: 151004 18:59:55 InnoDB: The InnoDB memory heap is disabled
Oct  4 18:59:55 solartree mysqld_safe[12304]: 151004 18:59:55 InnoDB: Mutexes and rw_locks use GCC atomic builtins
Oct  4 18:59:55 solartree mysqld_safe[12304]: 151004 18:59:55 InnoDB: Compressed tables use zlib 1.2.7
Oct  4 18:59:55 solartree mysqld_safe[12304]: 151004 18:59:55 InnoDB: Using Linux native AIO
Oct  4 18:59:55 solartree mysqld_safe[12304]: 151004 18:59:55 InnoDB: Initializing buffer pool, size = 128.0M
Oct  4 18:59:55 solartree mysqld_safe[12304]: 151004 18:59:55 InnoDB: Completed initialization of buffer pool
Oct  4 18:59:55 solartree mysqld_safe[12304]: InnoDB: The first specified data file ./ibdata1 did not exist:
Oct  4 18:59:55 solartree mysqld_safe[12304]: InnoDB: a new database to be created!
Oct  4 18:59:55 solartree mysqld_safe[12304]: 151004 18:59:55  InnoDB: Setting file ./ibdata1 size to 10 MB
Oct  4 18:59:55 solartree mysqld_safe[12304]: InnoDB: Database physically writes the file full: wait...
Oct  4 18:59:57 solartree mysqld_safe[12304]: 151004 18:59:57  InnoDB: Log file ./ib_logfile0 did not exist: new to be created
Oct  4 18:59:57 solartree mysqld_safe[12304]: InnoDB: Setting log file ./ib_logfile0 size to 5 MB
Oct  4 18:59:57 solartree mysqld_safe[12304]: InnoDB: Database physically writes the file full: wait...
Oct  4 18:59:58 solartree mysqld_safe[12304]: 151004 18:59:58  InnoDB: Log file ./ib_logfile1 did not exist: new to be created
Oct  4 18:59:58 solartree mysqld_safe[12304]: InnoDB: Setting log file ./ib_logfile1 size to 5 MB
Oct  4 18:59:58 solartree mysqld_safe[12304]: InnoDB: Database physically writes the file full: wait...
Oct  4 18:59:59 solartree mysqld_safe[12304]: InnoDB: Doublewrite buffer not found: creating new
Oct  4 19:00:01 solartree mysqld_safe[12304]: InnoDB: Doublewrite buffer created
Oct  4 19:00:06 solartree mysqld_safe[12304]: InnoDB: 127 rollback segment(s) active.
Oct  4 19:00:06 solartree mysqld_safe[12304]: InnoDB: Creating foreign key constraint system tables
Oct  4 19:00:07 solartree mysqld_safe[12304]: InnoDB: Foreign key constraint system tables created
Oct  4 19:00:07 solartree mysqld_safe[12304]: 151004 19:00:07  InnoDB: Waiting for the background threads to start
Oct  4 19:00:08 solartree mysqld_safe[12304]: 151004 19:00:08 InnoDB: 5.5.44 started; log sequence number 0
Oct  4 19:00:10 solartree mysqld_safe[12304]: 151004 19:00:10  InnoDB: Starting shutdown...
Oct  4 19:00:19 solartree mysqld_safe[12304]: 151004 19:00:19  InnoDB: Shutdown completed; log sequence number 1595675
Oct  4 19:00:23 solartree mysqld_safe[12347]: 151004 19:00:23 [Warning] Using unique option prefix key_buffer instead of key_buffer_size is deprecated and will be removed in a future release. Please use the full name instead.
Oct  4 19:00:23 solartree mysqld_safe[12347]: 151004 19:00:23 [Note] /usr/sbin/mysqld (mysqld 5.5.44-0+deb7u1) starting as process 12346 ...
Oct  4 19:00:23 solartree mysqld_safe[12347]: 151004 19:00:23 [Warning] Using unique option prefix myisam-recover instead of myisam-recover-options is deprecated and will be removed in a future release. Please use the full name instead.
Oct  4 19:00:23 solartree mysqld_safe[12347]: 151004 19:00:23 [Note] Plugin 'FEDERATED' is disabled.
Oct  4 19:00:23 solartree mysqld_safe[12347]: 151004 19:00:23 InnoDB: The InnoDB memory heap is disabled
Oct  4 19:00:23 solartree mysqld_safe[12347]: 151004 19:00:23 InnoDB: Mutexes and rw_locks use GCC atomic builtins
Oct  4 19:00:23 solartree mysqld_safe[12347]: 151004 19:00:23 InnoDB: Compressed tables use zlib 1.2.7
Oct  4 19:00:23 solartree mysqld_safe[12347]: 151004 19:00:23 InnoDB: Using Linux native AIO
Oct  4 19:00:23 solartree mysqld_safe[12347]: 151004 19:00:23 InnoDB: Initializing buffer pool, size = 128.0M
Oct  4 19:00:23 solartree mysqld_safe[12347]: 151004 19:00:23 InnoDB: Completed initialization of buffer pool
Oct  4 19:00:23 solartree mysqld_safe[12347]: 151004 19:00:23 InnoDB: highest supported file format is Barracuda.
Oct  4 19:00:26 solartree mysqld_safe[12347]: 151004 19:00:26  InnoDB: Waiting for the background threads to start
Oct  4 19:00:27 solartree mysqld_safe[12347]: 151004 19:00:27 InnoDB: 5.5.44 started; log sequence number 1595675
Oct  4 19:00:27 solartree mysqld_safe[12347]: ERROR: 1064  You have an error in your SQL syntax; check the manual that corresponds to your MySQL server version for the right syntax to use near 'ALTER TABLE user ADD column Show_view_priv enum('N','Y') CHARACTER SET utf8 NOT ' at line 1
Oct  4 19:00:27 solartree mysqld_safe[12347]: 151004 19:00:27 [ERROR] Aborting
Oct  4 19:00:27 solartree mysqld_safe[12347]: 
Oct  4 19:00:27 solartree mysqld_safe[12347]: 151004 19:00:27  InnoDB: Starting shutdown...
Oct  4 19:00:28 solartree mysqld_safe[12347]: 151004 19:00:28  InnoDB: Shutdown completed; log sequence number 1595675
Oct  4 19:00:28 solartree mysqld_safe[12347]: 151004 19:00:28 [Note] /usr/sbin/mysqld: Shutdown complete
Oct  4 19:00:28 solartree mysqld_safe[12347]: 
Oct  4 19:00:28 solartree mysqld_safe[12368]: 151004 19:00:28 [Warning] Using unique option prefix key_buffer instead of key_buffer_size is deprecated and will be removed in a future release. Please use the full name instead.
Oct  4 19:00:28 solartree mysqld_safe[12368]: 151004 19:00:28 [Note] /usr/sbin/mysqld (mysqld 5.5.44-0+deb7u1) starting as process 12367 ...
Oct  4 19:00:28 solartree mysqld_safe[12368]: 151004 19:00:28 [Warning] Using unique option prefix myisam-recover instead of myisam-recover-options is deprecated and will be removed in a future release. Please use the full name instead.
Oct  4 19:00:28 solartree mysqld_safe[12368]: 151004 19:00:28 [Note] Plugin 'FEDERATED' is disabled.
Oct  4 19:00:28 solartree mysqld_safe[12368]: 151004 19:00:28 InnoDB: The InnoDB memory heap is disabled
Oct  4 19:00:28 solartree mysqld_safe[12368]: 151004 19:00:28 InnoDB: Mutexes and rw_locks use GCC atomic builtins
Oct  4 19:00:28 solartree mysqld_safe[12368]: 151004 19:00:28 InnoDB: Compressed tables use zlib 1.2.7
Oct  4 19:00:28 solartree mysqld_safe[12368]: 151004 19:00:28 InnoDB: Using Linux native AIO
Oct  4 19:00:28 solartree mysqld_safe[12368]: 151004 19:00:28 InnoDB: Initializing buffer pool, size = 128.0M
